Component: ARM Compiler 5.06 update 7 (build 960) Tool: armlink [4d3601]

==============================================================================

Section Cross References

    startup_stm32f429xx.o(STACK) refers (Special) to heapauxi.o(.text) for __use_two_region_memory
    startup_stm32f429xx.o(HEAP) refers (Special) to heapauxi.o(.text) for __use_two_region_memory
    startup_stm32f429xx.o(RESET) refers (Special) to heapauxi.o(.text) for __use_two_region_memory
    startup_stm32f429xx.o(RESET) refers to startup_stm32f429xx.o(STACK) for __initial_sp
    startup_stm32f429xx.o(RESET) refers to startup_stm32f429xx.o(.text) for Reset_Handler
    startup_stm32f429xx.o(RESET) refers to stm32f4xx_it.o(i.NMI_Handler) for NMI_Handler
    startup_stm32f429xx.o(RESET) refers to stm32f4xx_it.o(i.HardFault_Handler) for HardFault_Handler
    startup_stm32f429xx.o(RESET) refers to stm32f4xx_it.o(i.MemManage_Handler) for MemManage_Handler
    startup_stm32f429xx.o(RESET) refers to stm32f4xx_it.o(i.BusFault_Handler) for BusFault_Handler
    startup_stm32f429xx.o(RESET) refers to stm32f4xx_it.o(i.UsageFault_Handler) for UsageFault_Handler
    startup_stm32f429xx.o(RESET) refers to port.o(.emb_text) for SVC_Handler
    startup_stm32f429xx.o(RESET) refers to stm32f4xx_it.o(i.DebugMon_Handler) for DebugMon_Handler
    startup_stm32f429xx.o(RESET) refers to cmsis_os2.o(i.SysTick_Handler) for SysTick_Handler
    startup_stm32f429xx.o(RESET) refers to stm32f4xx_it.o(i.EXTI0_IRQHandler) for EXTI0_IRQHandler
    startup_stm32f429xx.o(RESET) refers to stm32f4xx_it.o(i.EXTI1_IRQHandler) for EXTI1_IRQHandler
    startup_stm32f429xx.o(RESET) refers to stm32f4xx_it.o(i.EXTI2_IRQHandler) for EXTI2_IRQHandler
    startup_stm32f429xx.o(RESET) refers to stm32f4xx_it.o(i.EXTI3_IRQHandler) for EXTI3_IRQHandler
    startup_stm32f429xx.o(RESET) refers to stm32f4xx_it.o(i.EXTI4_IRQHandler) for EXTI4_IRQHandler
    startup_stm32f429xx.o(RESET) refers to stm32f4xx_it.o(i.DMA1_Stream1_IRQHandler) for DMA1_Stream1_IRQHandler
    startup_stm32f429xx.o(RESET) refers to stm32f4xx_it.o(i.EXTI9_5_IRQHandler) for EXTI9_5_IRQHandler
    startup_stm32f429xx.o(RESET) refers to stm32f4xx_it.o(i.TIM1_BRK_TIM9_IRQHandler) for TIM1_BRK_TIM9_IRQHandler
    startup_stm32f429xx.o(RESET) refers to stm32f4xx_it.o(i.TIM1_UP_TIM10_IRQHandler) for TIM1_UP_TIM10_IRQHandler
    startup_stm32f429xx.o(RESET) refers to stm32f4xx_it.o(i.TIM1_TRG_COM_TIM11_IRQHandler) for TIM1_TRG_COM_TIM11_IRQHandler
    startup_stm32f429xx.o(RESET) refers to stm32f4xx_it.o(i.TIM1_CC_IRQHandler) for TIM1_CC_IRQHandler
    startup_stm32f429xx.o(RESET) refers to stm32f4xx_it.o(i.TIM2_IRQHandler) for TIM2_IRQHandler
    startup_stm32f429xx.o(RESET) refers to stm32f4xx_it.o(i.OTG_HS_IRQHandler) for OTG_HS_IRQHandler
    startup_stm32f429xx.o(.text) refers (Special) to heapauxi.o(.text) for __use_two_region_memory
    startup_stm32f429xx.o(.text) refers to system_stm32f4xx.o(i.SystemInit) for SystemInit
    startup_stm32f429xx.o(.text) refers to __main.o(!!!main) for __main
    startup_stm32f429xx.o(.text) refers to startup_stm32f429xx.o(HEAP) for Heap_Mem
    startup_stm32f429xx.o(.text) refers to startup_stm32f429xx.o(STACK) for Stack_Mem
    dwin_transmit.o(i.Page_Change) refers to stm32f4xx_hal_uart.o(i.HAL_UART_Transmit) for HAL_UART_Transmit
    dwin_transmit.o(i.Page_Read) refers to stm32f4xx_hal_uart.o(i.HAL_UART_Transmit) for HAL_UART_Transmit
    dwin_transmit.o(i.Read_Int_2Bytes) refers to stm32f4xx_hal_uart.o(i.HAL_UART_Transmit) for HAL_UART_Transmit
    dwin_transmit.o(i.Reset_CPU) refers to stm32f4xx_hal_uart.o(i.HAL_UART_Transmit) for HAL_UART_Transmit
    dwin_transmit.o(i.Send_Int_2Bytes) refers to stm32f4xx_hal_uart.o(i.HAL_UART_Transmit) for HAL_UART_Transmit
    stm_tb6600.o(i.gettimer) refers to rt_memcpy_w.o(.text) for __aeabi_memcpy4
    stm_tb6600.o(i.tb6600_AngleMove) refers to stm32f4xx_hal_gpio.o(i.HAL_GPIO_WritePin) for HAL_GPIO_WritePin
    stm_tb6600.o(i.tb6600_AngleMove) refers to stm_tb6600.o(i.delay_us) for delay_us
    stm_tb6600.o(i.tb6600_AngleMove_tim) refers to dflt_clz.o(x$fpl$dfltu) for __aeabi_ui2d
    stm_tb6600.o(i.tb6600_AngleMove_tim) refers to dmul.o(x$fpl$dmul) for __aeabi_dmul
    stm_tb6600.o(i.tb6600_AngleMove_tim) refers to dfixu.o(x$fpl$dfixu) for __aeabi_d2uiz
    stm_tb6600.o(i.tb6600_AngleMove_tim) refers to stm32f4xx_hal_tim.o(i.HAL_TIM_PWM_Start) for HAL_TIM_PWM_Start
    stm_tb6600.o(i.tb6600_ChangeDirection) refers to stm32f4xx_hal_gpio.o(i.HAL_GPIO_WritePin) for HAL_GPIO_WritePin
    stm_tb6600.o(i.tb6600_Disable) refers to stm32f4xx_hal_gpio.o(i.HAL_GPIO_WritePin) for HAL_GPIO_WritePin
    stm_tb6600.o(i.tb6600_Enable) refers to stm32f4xx_hal_gpio.o(i.HAL_GPIO_WritePin) for HAL_GPIO_WritePin
    stm_tb6600.o(i.tb6600_ManualSpeed) refers to dflt_clz.o(x$fpl$dfltu) for __aeabi_ui2d
    stm_tb6600.o(i.tb6600_ManualSpeed) refers to pow.o(i.__hardfp_pow) for __hardfp_pow
[...]
    HAL_TIM_IC_CaptureCallback               0x08003375   Thumb Code     2  stm32f4xx_hal_tim.o(i.HAL_TIM_IC_CaptureCallback)
    HAL_TIM_IRQHandler                       0x08003377   Thumb Code   304  stm32f4xx_hal_tim.o(i.HAL_TIM_IRQHandler)
    HAL_TIM_MspPostInit                      0x080034a9   Thumb Code    72  stm32f4xx_hal_msp.o(i.HAL_TIM_MspPostInit)
    HAL_TIM_OC_DelayElapsedCallback          0x080034fd   Thumb Code     2  stm32f4xx_hal_tim.o(i.HAL_TIM_OC_DelayElapsedCallback)
    HAL_TIM_PWM_ConfigChannel                0x080034ff   Thumb Code   204  stm32f4xx_hal_tim.o(i.HAL_TIM_PWM_ConfigChannel)
    HAL_TIM_PWM_Init                         0x080035cb   Thumb Code    90  stm32f4xx_hal_tim.o(i.HAL_TIM_PWM_Init)
    HAL_TIM_PWM_MspInit                      0x08003625   Thumb Code     2  stm32f4xx_hal_tim.o(i.HAL_TIM_PWM_MspInit)
    HAL_TIM_PWM_PulseFinishedCallback        0x08003627   Thumb Code     2  stm32f4xx_hal_tim.o(i.HAL_TIM_PWM_PulseFinishedCallback)
    HAL_TIM_PWM_Start                        0x08003629   Thumb Code   172  stm32f4xx_hal_tim.o(i.HAL_TIM_PWM_Start)
    HAL_TIM_PWM_Stop                         0x080036f1   Thumb Code   114  stm32f4xx_hal_tim.o(i.HAL_TIM_PWM_Stop)
    HAL_TIM_PeriodElapsedCallback            0x0800376d   Thumb Code   196  main.o(i.HAL_TIM_PeriodElapsedCallback)
    HAL_TIM_TriggerCallback                  0x0800383d   Thumb Code     2  stm32f4xx_hal_tim.o(i.HAL_TIM_TriggerCallback)
    HAL_UART_Init                            0x0800383f   Thumb Code   100  stm32f4xx_hal_uart.o(i.HAL_UART_Init)
    HAL_UART_MspInit                         0x080038a5   Thumb Code   142  stm32f4xx_hal_msp.o(i.HAL_UART_MspInit)
    HardFault_Handler                        0x08003949   Thumb Code     2  stm32f4xx_it.o(i.HardFault_Handler)
    Home                                     0x0800394d   Thumb Code    58  main.o(i.Home)
    MAX6675_ReadTemp                         0x080039d1   Thumb Code    74  main.o(i.MAX6675_ReadTemp)
    MX_USB_DEVICE_Init                       0x08003cd5   Thumb Code    66  usb_device.o(i.MX_USB_DEVICE_Init)
    MemManage_Handler                        0x08003d29   Thumb Code     2  stm32f4xx_it.o(i.MemManage_Handler)
    NMI_Handler                              0x08003d2b   Thumb Code     2  stm32f4xx_it.o(i.NMI_Handler)
    OTG_HS_IRQHandler                        0x08003d2d   Thumb Code     6  stm32f4xx_it.o(i.OTG_HS_IRQHandler)
    StartDefaultTask                         0x08004035   Thumb Code   456  main.o(i.StartDefaultTask)
    StartReset                               0x08004215   Thumb Code    28  main.o(i.StartReset)
    StartTempControl                         0x08004235   Thumb Code    84  main.o(i.StartTempControl)
    StartTempRead                            0x08004295   Thumb Code    64  main.o(i.StartTempRead)
    StartUSB                                 0x080042e5   Thumb Code    56  main.o(i.StartUSB)
    StoreFlashByte                           0x08004321   Thumb Code    98  main.o(i.StoreFlashByte)
    SysTick_Handler                          0x08004389   Thumb Code    26  cmsis_os2.o(i.SysTick_Handler)
    SystemClock_Config                       0x080043a5   Thumb Code   140  main.o(i.SystemClock_Config)
    SystemInit                               0x08004439   Thumb Code    12  system_stm32f4xx.o(i.SystemInit)
    TIM1_BRK_TIM9_IRQHandler                 0x08004449   Thumb Code     6  stm32f4xx_it.o(i.TIM1_BRK_TIM9_IRQHandler)
    TIM1_CC_IRQHandler                       0x08004455   Thumb Code     6  stm32f4xx_it.o(i.TIM1_CC_IRQHandler)
    TIM1_TRG_COM_TIM11_IRQHandler            0x08004461   Thumb Code     6  stm32f4xx_it.o(i.TIM1_TRG_COM_TIM11_IRQHandler)
    TIM1_UP_TIM10_IRQHandler                 0x0800446d   Thumb Code     6  stm32f4xx_it.o(i.TIM1_UP_TIM10_IRQHandler)
    TIM2_IRQHandler                          0x08004479   Thumb Code     6  stm32f4xx_it.o(i.TIM2_IRQHandler)
    TIM_Base_SetConfig                       0x08004485   Thumb Code   170  stm32f4xx_hal_tim.o(i.TIM_Base_SetConfig)
    TIM_CCxChannelCmd                        0x0800455d   Thumb Code    26  stm32f4xx_hal_tim.o(i.TIM_CCxChannelCmd)
    TIM_ETR_SetConfig                        0x08004577   Thumb Code    20  stm32f4xx_hal_tim.o(i.TIM_ETR_SetConfig)
    TIM_OC2_SetConfig                        0x080045fd   Thumb Code    98  stm32f4xx_hal_tim.o(i.TIM_OC2_SetConfig)
    USBD_CDC_GetDeviceQualifierDescriptor    0x080049f1   Thumb Code     8  usbd_cdc.o(i.USBD_CDC_GetDeviceQualifierDescriptor)
    USBD_CDC_ReceivePacket                   0x08004bcd   Thumb Code    50  usbd_cdc.o(i.USBD_CDC_ReceivePacket)
    USBD_CDC_RegisterInterface               0x08004c05   Thumb Code    22  usbd_cdc.o(i.USBD_CDC_RegisterInterface)
    USBD_CDC_SetRxBuffer                     0x08004c1b   Thumb Code    26  usbd_cdc.o(i.USBD_CDC_SetRxBuffer)
    USBD_CDC_SetTxBuffer                     0x08004c35   Thumb Code    30  usbd_cdc.o(i.USBD_CDC_SetTxBuffer)
    USBD_CDC_TransmitPacket                  0x08004d29   Thumb Code    76  usbd_cdc.o(i.USBD_CDC_TransmitPacket)
    USBD_ClrClassConfig                      0x08004d79   Thumb Code    20  usbd_core.o(i.USBD_ClrClassConfig)
    USBD_CoreFindEP                          0x08004d8d   Thumb Code     4  usbd_core.o(i.USBD_CoreFindEP)
    USBD_CoreFindIF                          0x08004d91   Thumb Code     4  usbd_core.o(i.USBD_CoreFindIF)
    USBD_CtlContinueRx                       0x08004d95   Thumb Code    16  usbd_ioreq.o(i.USBD_CtlContinueRx)
    USBD_CtlContinueSendData                 0x08004da5   Thumb Code    16  usbd_ioreq.o(i.USBD_CtlContinueSendData)
    USBD_CtlError                            0x08004db5   Thumb Code    22  usbd_ctlreq.o(i.USBD_CtlError)
    USBD_CtlPrepareRx                        0x08004dcb   Thumb Code    30  usbd_ioreq.o(i.USBD_CtlPrepareRx)
    USBD_CtlReceiveStatus                    0x08004de9   Thumb Code    22  usbd_ioreq.o(i.USBD_CtlReceiveStatus)
    USBD_CtlSendData                         0x08004dff   Thumb Code    26  usbd_ioreq.o(i.USBD_CtlSendData)
    USBD_CtlSendStatus                       0x08004e19   Thumb Code    22  usbd_ioreq.o(i.USBD_CtlSendStatus)
    USBD_GetEpDesc                           0x08004f15   Thumb Code    58  usbd_core.o(i.USBD_GetEpDesc)
    USBD_GetNextDesc                         0x08004f63   Thumb Code    14  usbd_core.o(i.USBD_GetNextDesc)
    USBD_GetString                           0x08004f71   Thumb Code    78  usbd_ctlreq.o(i.USBD_GetString)
    USBD_Get_USB_Status                      0x08004fbf   Thumb Code    24  usbd_conf.o(i.USBD_Get_USB_Status)
    USBD_HS_ConfigStrDescriptor              0x08004fd9   Thumb Code    16  usbd_desc.o(i.USBD_HS_ConfigStrDescriptor)
    USBD_HS_DeviceDescriptor                 0x08004ff9   Thumb Code     8  usbd_desc.o(i.USBD_HS_DeviceDescriptor)
    USBD_HS_InterfaceStrDescriptor           0x08005005   Thumb Code    16  usbd_desc.o(i.USBD_HS_InterfaceStrDescriptor)
    USBD_HS_LangIDStrDescriptor              0x08005029   Thumb Code     8  usbd_desc.o(i.USBD_HS_LangIDStrDescriptor)
    USBD_HS_ManufacturerStrDescriptor        0x08005035   Thumb Code    16  usbd_desc.o(i.USBD_HS_ManufacturerStrDescriptor)
    USBD_HS_ProductStrDescriptor             0x0800505d   Thumb Code    16  usbd_desc.o(i.USBD_HS_ProductStrDescriptor)
    USBD_HS_SerialStrDescriptor              0x08005089   Thumb Code    48  usbd_desc.o(i.USBD_HS_SerialStrDescriptor)
    USBD_Init                                0x080050c1   Thumb Code    38  usbd_core.o(i.USBD_Init)
    USBD_LL_ClearStallEP                     0x080050e7   Thumb Code    18  usbd_conf.o(i.USBD_LL_ClearStallEP)
    USBD_LL_CloseEP                          0x080050f9   Thumb Code    18  usbd_conf.o(i.USBD_LL_CloseEP)
    USBD_LL_DataInStage                      0x0800510b   Thumb Code   182  usbd_core.o(i.USBD_LL_DataInStage)
    USBD_LL_DataOutStage                     0x080051c1   Thumb Code   142  usbd_core.o(i.USBD_LL_DataOutStage)
    USBD_LL_DevConnected                     0x0800524f   Thumb Code     4  usbd_core.o(i.USBD_LL_DevConnected)
    USBD_LL_DevDisconnected                  0x08005253   Thumb Code    30  usbd_core.o(i.USBD_LL_DevDisconnected)
    USBD_LL_GetRxDataSize                    0x08005271   Thumb Code     8  usbd_conf.o(i.USBD_LL_GetRxDataSize)
    USBD_LL_Init                             0x08005279   Thumb Code    96  usbd_conf.o(i.USBD_LL_Init)
    USBD_LL_IsStallEP                        0x080052e1   Thumb Code    30  usbd_conf.o(i.USBD_LL_IsStallEP)
    USBD_LL_IsoINIncomplete                  0x080052ff   Thumb Code    40  usbd_core.o(i.USBD_LL_IsoINIncomplete)
    USBD_LL_IsoOUTIncomplete                 0x08005327   Thumb Code    40  usbd_core.o(i.USBD_LL_IsoOUTIncomplete)
    USBD_LL_OpenEP                           0x0800534f   Thumb Code    24  usbd_conf.o(i.USBD_LL_OpenEP)
    USBD_LL_PrepareReceive                   0x08005367   Thumb Code    18  usbd_conf.o(i.USBD_LL_PrepareReceive)
    USBD_LL_Reset                            0x08005379   Thumb Code    92  usbd_core.o(i.USBD_LL_Reset)
    USBD_LL_Resume                           0x080053d5   Thumb Code    20  usbd_core.o(i.USBD_LL_Resume)
    USBD_LL_SOF                              0x080053e9   Thumb Code    26  usbd_core.o(i.USBD_LL_SOF)
    USBD_LL_SetSpeed                         0x08005403   Thumb Code     6  usbd_core.o(i.USBD_LL_SetSpeed)
    USBD_LL_SetUSBAddress                    0x08005409   Thumb Code    18  usbd_conf.o(i.USBD_LL_SetUSBAddress)
    USBD_LL_SetupStage                       0x0800541b   Thumb Code    96  usbd_core.o(i.USBD_LL_SetupStage)
    USBD_LL_StallEP                          0x0800547b   Thumb Code    18  usbd_conf.o(i.USBD_LL_StallEP)
    USBD_LL_Start                            0x0800548d   Thumb Code    18  usbd_conf.o(i.USBD_LL_Start)
    USBD_LL_Suspend                          0x0800549f   Thumb Code    26  usbd_core.o(i.USBD_LL_Suspend)
    USBD_LL_Transmit                         0x080054b9   Thumb Code    18  usbd_conf.o(i.USBD_LL_Transmit)
    USBD_ParseSetupRequest                   0x080054cb   Thumb Code    44  usbd_ctlreq.o(i.USBD_ParseSetupRequest)
    USBD_RegisterClass                       0x080054f7   Thumb Code    58  usbd_core.o(i.USBD_RegisterClass)
    USBD_SetClassConfig                      0x08005531   Thumb Code    20  usbd_core.o(i.USBD_SetClassConfig)
    USBD_Start                               0x080055fd   Thumb Code     4  usbd_core.o(i.USBD_Start)
    USBD_StdDevReq                           0x08005601   Thumb Code   300  usbd_ctlreq.o(i.USBD_StdDevReq)
    USBD_StdEPReq                            0x0800572d   Thumb Code   352  usbd_ctlreq.o(i.USBD_StdEPReq)
    USBD_StdItfReq                           0x0800588d   Thumb Code   114  usbd_ctlreq.o(i.USBD_StdItfReq)
    USBD_static_free                         0x080058ff   Thumb Code     2  usbd_conf.o(i.USBD_static_free)
    USBD_static_malloc                       0x08005901   Thumb Code     4  usbd_conf.o(i.USBD_static_malloc)
    USB_ActivateEndpoint                     0x08005909   Thumb Code   122  stm32f4xx_ll_usb.o(i.USB_ActivateEndpoint)
    USB_ActivateSetup                        0x08005989   Thumb Code    28  stm32f4xx_ll_usb.o(i.USB_ActivateSetup)
    USB_CoreInit                             0x080059a5   Thumb Code   126  stm32f4xx_ll_usb.o(i.USB_CoreInit)
    USB_DeactivateEndpoint                   0x08005a65   Thumb Code   194  stm32f4xx_ll_usb.o(i.USB_DeactivateEndpoint)
    USB_DevConnect                           0x08005b31   Thumb Code    28  stm32f4xx_ll_usb.o(i.USB_DevConnect)
    USB_DevDisconnect                        0x08005b4d   Thumb Code    28  stm32f4xx_ll_usb.o(i.USB_DevDisconnect)
    USB_DevInit                              0x08005b69   Thumb Code   370  stm32f4xx_ll_usb.o(i.USB_DevInit)
    USB_DisableGlobalInt                     0x08005ce5   Thumb Code    12  stm32f4xx_ll_usb.o(i.USB_DisableGlobalInt)
    USB_EP0_OutStart                         0x08005cf1   Thumb Code    84  stm32f4xx_ll_usb.o(i.USB_EP0_OutStart)
    USB_EPClearStall                         0x08005d49   Thumb Code    88  stm32f4xx_ll_usb.o(i.USB_EPClearStall)
    USB_EPSetStall                           0x08005da1   Thumb Code    88  stm32f4xx_ll_usb.o(i.USB_EPSetStall)
    USB_EPStartXfer                          0x08005df9   Thumb Code   562  stm32f4xx_ll_usb.o(i.USB_EPStartXfer)
    USB_EPStopXfer                           0x08006031   Thumb Code   158  stm32f4xx_ll_usb.o(i.USB_EPStopXfer)
    USB_EnableGlobalInt                      0x080060cf   Thumb Code    12  stm32f4xx_ll_usb.o(i.USB_EnableGlobalInt)
    USB_FlushRxFifo                          0x080060db   Thumb Code    56  stm32f4xx_ll_usb.o(i.USB_FlushRxFifo)
    USB_FlushTxFifo                          0x08006113   Thumb Code    60  stm32f4xx_ll_usb.o(i.USB_FlushTxFifo)
    USB_GetDevSpeed                          0x0800614f   Thumb Code    26  stm32f4xx_ll_usb.o(i.USB_GetDevSpeed)
    USB_GetMode                              0x08006169   Thumb Code     8  stm32f4xx_ll_usb.o(i.USB_GetMode)
    USB_ReadDevAllInEpInterrupt              0x08006171   Thumb Code    14  stm32f4xx_ll_usb.o(i.USB_ReadDevAllInEpInterrupt)
    USB_ReadDevAllOutEpInterrupt             0x0800617f   Thumb Code    14  stm32f4xx_ll_usb.o(i.USB_ReadDevAllOutEpInterrupt)
    USB_ReadDevInEPInterrupt                 0x0800618d   Thumb Code    36  stm32f4xx_ll_usb.o(i.USB_ReadDevInEPInterrupt)
    USB_ReadDevOutEPInterrupt                0x080061b1   Thumb Code    16  stm32f4xx_ll_usb.o(i.USB_ReadDevOutEPInterrupt)
    USB_ReadInterrupts                       0x080061c1   Thumb Code     8  stm32f4xx_ll_usb.o(i.USB_ReadInterrupts)
    USB_ReadPacket                           0x080061c9   Thumb Code    62  stm32f4xx_ll_usb.o(i.USB_ReadPacket)
    USB_SetCurrentMode                       0x08006207   Thumb Code    92  stm32f4xx_ll_usb.o(i.USB_SetCurrentMode)
    USB_SetDevAddress                        0x08006263   Thumb Code    34  stm32f4xx_ll_usb.o(i.USB_SetDevAddress)
    USB_SetTurnaroundTime                    0x08006285   Thumb Code   158  stm32f4xx_ll_usb.o(i.USB_SetTurnaroundTime)
    USB_WritePacket                          0x0800636d   Thumb Code    40  stm32f4xx_ll_usb.o(i.USB_WritePacket)
    UsageFault_Handler                       0x08006395   Thumb Code     2  stm32f4xx_it.o(i.UsageFault_Handler)
    Usb_Receive_Check                        0x08006399   Thumb Code   188  main.o(i.Usb_Receive_Check)
    main                                     0x0800648d   Thumb Code   358  main.o(i.main)
    osDelay                                  0x08006629   Thumb Code    26  cmsis_os2.o(i.osDelay)
    osKernelInitialize                       0x08006645   Thumb Code    32  cmsis_os2.o(i.osKernelInitialize)
    osKernelStart                            0x08006669   Thumb Code    48  cmsis_os2.o(i.osKernelStart)
    osThreadFlagsSet                         0x080066a1   Thumb Code   110  cmsis_os2.o(i.osThreadFlagsSet)
    osThreadFlagsWait                        0x08006715   Thumb Code   150  cmsis_os2.o(i.osThreadFlagsWait)
    osThreadNew                              0x080067ad   Thumb Code   138  cmsis_os2.o(i.osThreadNew)
    pvPortMalloc                             0x08006fcd   Thumb Code   216  heap_4.o(i.pvPortMalloc)
    pxPortInitialiseStack                    0x080070a9   Thumb Code    40  port.o(i.pxPortInitialiseStack)
    tb6600_ChangeDirection                   0x080070d5   Thumb Code    32  stm_tb6600.o(i.tb6600_ChangeDirection)
    tb6600_Disable                           0x080070f5   Thumb Code    12  stm_tb6600.o(i.tb6600_Disable)
    tb6600_Enable                            0x08007101   Thumb Code    12  stm_tb6600.o(i.tb6600_Enable)
    tb6600_Movemm_tim                        0x0800710d   Thumb Code   140  stm_tb6600.o(i.tb6600_Movemm_tim)
    tb6600_Movemm_tim_1                      0x080071b5   Thumb Code   114  stm_tb6600.o(i.tb6600_Movemm_tim_1)
    tb6600_Set                               0x08007235   Thumb Code    60  stm_tb6600.o(i.tb6600_Set)
    tb6600_Stop_tim                          0x08007271   Thumb Code     8  stm_tb6600.o(i.tb6600_Stop_tim)
    tb6600_ToggleDirection                   0x08007279   Thumb Code    10  stm_tb6600.o(i.tb6600_ToggleDirection)
    tb6600_init_tim                          0x08007283   Thumb Code   100  stm_tb6600.o(i.tb6600_init_tim)
    uxListRemove                             0x080072e7   Thumb Code    38  list.o(i.uxListRemove)
    vApplicationGetIdleTaskMemory            0x0800730d   Thumb Code    16  cmsis_os2.o(i.vApplicationGetIdleTaskMemory)
    vApplicationGetTimerTaskMemory           0x08007321   Thumb Code    18  cmsis_os2.o(i.vApplicationGetTimerTaskMemory)
    vListInitialise                          0x08007339   Thumb Code    22  list.o(i.vListInitialise)
    vListInitialiseItem                      0x0800734f   Thumb Code     6  list.o(i.vListInitialiseItem)
    vListInsert                              0x08007355   Thumb Code    48  list.o(i.vListInsert)
    vListInsertEnd                           0x08007385   Thumb Code    24  list.o(i.vListInsertEnd)
    vPortEnterCritical                       0x0800739d   Thumb Code    54  port.o(i.vPortEnterCritical)
    vPortExitCritical                        0x080073dd   Thumb Code    34  port.o(i.vPortExitCritical)
    vPortFree                                0x08007405   Thumb Code    94  heap_4.o(i.vPortFree)
    vPortSetupTimerInterrupt                 0x08007469   Thumb Code    32  port.o(i.vPortSetupTimerInterrupt)
    vPortValidateInterruptPriority           0x0800748d   Thumb Code    74  port.o(i.vPortValidateInterruptPriority)
    vQueueAddToRegistry                      0x080074e1   Thumb Code    34  queue.o(i.vQueueAddToRegistry)
    vQueueWaitForMessageRestricted           0x08007509   Thumb Code    68  queue.o(i.vQueueWaitForMessageRestricted)
    vTaskDelay                               0x0800754d   Thumb Code    66  tasks.o(i.vTaskDelay)
    vTaskInternalSetTimeOutState             0x08007599   Thumb Code    12  tasks.o(i.vTaskInternalSetTimeOutState)
    vTaskMissedYield                         0x080075a9   Thumb Code     8  tasks.o(i.vTaskMissedYield)
    vTaskPlaceOnEventList                    0x080075b5   Thumb Code    44  tasks.o(i.vTaskPlaceOnEventList)
    vTaskPlaceOnEventListRestricted          0x080075e5   Thumb Code    52  tasks.o(i.vTaskPlaceOnEventListRestricted)
    vTaskStartScheduler                      0x0800761d   Thumb Code   118  tasks.o(i.vTaskStartScheduler)
    vTaskSuspendAll                          0x080076a5   Thumb Code    10  tasks.o(i.vTaskSuspendAll)
    vTaskSwitchContext                       0x080076b5   Thumb Code    90  tasks.o(i.vTaskSwitchContext)
    xPortStartScheduler                      0x08007719   Thumb Code   222  port.o(i.xPortStartScheduler)
    xPortSysTickHandler                      0x0800780d   Thumb Code    38  port.o(i.xPortSysTickHandler)
    xQueueGenericCreateStatic                0x08007839   Thumb Code   102  queue.o(i.xQueueGenericCreateStatic)
    xQueueGenericReset                       0x080078a1   Thumb Code   132  queue.o(i.xQueueGenericReset)
    xQueueGenericSend                        0x08007929   Thumb Code   346  queue.o(i.xQueueGenericSend)
    xQueueGenericSendFromISR                 0x08007a89   Thumb Code   190  queue.o(i.xQueueGenericSendFromISR)
    xQueueReceive                            0x08007b49   Thumb Code   308  queue.o(i.xQueueReceive)
    xTaskCheckForTimeOut                     0x08007c81   Thumb Code   112  tasks.o(i.xTaskCheckForTimeOut)
    xTaskCreate                              0x08007cf5   Thumb Code    90  tasks.o(i.xTaskCreate)
    xTaskCreateStatic                        0x08007d4f   Thumb Code    86  tasks.o(i.xTaskCreateStatic)
    xTaskGenericNotify                       0x08007da5   Thumb Code   210  tasks.o(i.xTaskGenericNotify)
    xTaskGenericNotifyFromISR                0x08007e85   Thumb Code   246  tasks.o(i.xTaskGenericNotifyFromISR)
    xTaskGetSchedulerState                   0x08007f89   Thumb Code    22  tasks.o(i.xTaskGetSchedulerState)
    xTaskGetTickCount                        0x08007fa5   Thumb Code     6  tasks.o(i.xTaskGetTickCount)
    xTaskIncrementTick                       0x08007fb1   Thumb Code   192  tasks.o(i.xTaskIncrementTick)
    xTaskNotifyWait                          0x08008079   Thumb Code   130  tasks.o(i.xTaskNotifyWait)
    xTaskPriorityDisinherit                  0x08008105   Thumb Code   118  tasks.o(i.xTaskPriorityDisinherit)
    xTaskRemoveFromEventList                 0x08008185   Thumb Code    98  tasks.o(i.xTaskRemoveFromEventList)
    xTaskResumeAll                           0x080081f5   Thumb Code   182  tasks.o(i.xTaskResumeAll)
    xTimerCreateTimerTask                    0x080082b9   Thumb Code    78  timers.o(i.xTimerCreateTimerTask)
    xTimerGenericCommand                     0x08008319   Thumb Code    98  timers.o(i.xTimerGenericCommand)
    _get_lc_ctype                            0x08008381   Thumb Code    44  lc_ctype_c.o(locale$$code)
    __aeabi_d2f                              0x080083ad   Thumb Code     0  d2f.o(x$fpl$d2f)
    _d2f                                     0x080083ad   Thumb Code    98  d2f.o(x$fpl$d2f)
    __aeabi_ddiv                             0x08008411   Thumb Code     0  ddiv.o(x$fpl$ddiv)
    _ddiv                                    0x08008411   Thumb Code   552  ddiv.o(x$fpl$ddiv)
    __aeabi_d2uiz                            0x080086c1   Thumb Code     0  dfixu.o(x$fpl$dfixu)
    _dfixu                                   0x080086c1   Thumb Code    90  dfixu.o(x$fpl$dfixu)
    __aeabi_i2d                              0x0800871b   Thumb Code     0  dflt_clz.o(x$fpl$dflt)
    _dflt                                    0x0800871b   Thumb Code    46  dflt_clz.o(x$fpl$dflt)
    __aeabi_ui2d                             0x08008749   Thumb Code     0  dflt_clz.o(x$fpl$dfltu)
    _dfltu                                   0x08008749   Thumb Code    38  dflt_clz.o(x$fpl$dfltu)
    __aeabi_dmul                             0x08008771   Thumb Code     0  dmul.o(x$fpl$dmul)
    _dmul                                    0x08008771   Thumb Code   332  dmul.o(x$fpl$dmul)
    __fpl_dnaninf                            0x080088c5   Thumb Code   156  dnaninf.o(x$fpl$dnaninf)
    __fpl_dretinf                            0x08008961   Thumb Code    12  dretinf.o(x$fpl$dretinf)
    __aeabi_f2d                              0x0800896d   Thumb Code     0  f2d.o(x$fpl$f2d)
    _f2d                                     0x0800896d   Thumb Code    86  f2d.o(x$fpl$f2d)
    __fpl_fnaninf                            0x080089c3   Thumb Code   140  fnaninf.o(x$fpl$fnaninf)
    _fp_init                                 0x08008a4f   Thumb Code    10  fpinit.o(x$fpl$fpinit)
    __fplib_config_fpu_vfp                   0x08008a57   Thumb Code     0  fpinit.o(x$fpl$fpinit)
    __fplib_config_pureend_doubles           0x08008a57   Thumb Code     0  fpinit.o(x$fpl$fpinit)
    __fpl_fretinf                            0x08008a59   Thumb Code    10  fretinf.o(x$fpl$fretinf)
    __I$use$fp                               0x08008a62   Number         0  usenofp.o(x$fpl$usenofp)
    defaultTask_attributes                   0x08008a64   Data          36  main.o(.constdata)
    TempControl_attributes                   0x08008a88   Data          36  main.o(.constdata)
    TempRead_attributes                      0x08008aac   Data          36  main.o(.constdata)
    Reset_attributes                         0x08008ad0   Data          36  main.o(.constdata)
    USB_attributes                           0x08008af4   Data          36  main.o(.constdata)
    AHBPrescTable                            0x08008b20   Data          16  system_stm32f4xx.o(.constdata)
    APBPrescTable                            0x08008b30   Data           8  system_stm32f4xx.o(.constdata)
    Region$$Table$$Base                      0x08008bec   Number         0  anon$$obj.o(Region$$Table)
    Region$$Table$$Limit                     0x08008c0c   Number         0  anon$$obj.o(Region$$Table)
    __ctype                                  0x08008c19   Data           0  lc_ctype_c.o(locale$$data)
    Stop_Process                             0x20000000   Data           1  main.o(.data)
    Start_Process                            0x20000001   Data           1  main.o(.data)
    Manual                                   0x20000002   Data           1  main.o(.data)
    Pause                                    0x20000003   Data           1  main.o(.data)
    lm                                       0x20000004   Data           1  main.o(.data)
    hom                                      0x20000005   Data           1  main.o(.data)
    check                                    0x20000006   Data           1  main.o(.data)
    xTemp                                    0x20000007   Data           1  main.o(.data)
    xMM                                      0x20000008   Data           1  main.o(.data)
    xSpeed                                   0x20000009   Data           1  main.o(.data)
    Temp                                     0x2000000a   Data           2  main.o(.data)
    Temp_0                                   0x2000000c   Data           2  main.o(.data)
    Temp_Set                                 0x2000000e   Data           2  main.o(.data)
    Temp_Get                                 0x20000010   Data           2  main.o(.data)
    Mm                                       0x20000012   Data           2  main.o(.data)
    mSpeed                                   0x20000014   Data           2  main.o(.data)
    pCount                                   0x20000018   Data           4  main.o(.data)
    abcd                                     0x2000001c   Data           4  main.o(.data)
    tf                                       0x20000020   Data           4  main.o(.data)
    ab                                       0x20000024   Data           4  main.o(.data)
    defaultTaskHandle                        0x20000028   Data           4  main.o(.data)
    TempControlHandle                        0x2000002c   Data           4  main.o(.data)
    TempReadHandle                           0x20000030   Data           4  main.o(.data)
    ResetHandle                              0x20000034   Data           4  main.o(.data)
    USBHandle                                0x20000038   Data           4  main.o(.data)
    switch_count                             0x2000003c   Data           4  main.o(.data)
    mCount                                   0x20000040   Data           4  main.o(.data)
    cCount                                   0x20000044   Data           4  main.o(.data)
    Calculate                                0x20000048   Data           4  main.o(.data)
    inc1                                     0x2000004c   Data           4  main.o(.data)
    Page                                     0x20000050   Data           4  main.o(.data)
    Func                                     0x20000054   Data           4  main.o(.data)
    Data                                     0x20000058   Data           4  main.o(.data)
    Dist                                     0x2000005c   Data           8  main.o(.data)
    Return_Buf                               0x20000064   Data          44  main.o(.data)
    uwTickFreq                               0x20000090   Data           1  stm32f4xx_hal.o(.data)
    uwTickPrio                               0x20000094   Data           4  stm32f4xx_hal.o(.data)
    uwTick                                   0x20000098   Data           4  stm32f4xx_hal.o(.data)
    SystemCoreClock                          0x2000009c   Data           4  system_stm32f4xx.o(.data)
    pxCurrentTCB                             0x200000a0   Data           4  tasks.o(.data)
    HS_Desc                                  0x20000120   Data          28  usbd_desc.o(.data)
    USBD_LangIDDesc                          0x2000013c   Data           4  usbd_desc.o(.data)
    USBD_HS_DeviceDesc                       0x20000140   Data          18  usbd_desc.o(.data)
    USBD_StringSerial                        0x20000154   Data          26  usbd_desc.o(.data)
    USBD_Interface_fops_HS                   0x20000170   Data          20  usbd_cdc_if.o(.data)
    USBD_CDC                                 0x200001dc   Data          56  usbd_cdc.o(.data)
    hspi1                                    0x20000214   Data          88  main.o(.bss)
    htim1                                    0x2000026c   Data          72  main.o(.bss)
    htim5                                    0x200002b4   Data          72  main.o(.bss)
    huart3                                   0x200002fc   Data          72  main.o(.bss)
    motor                                    0x20000344   Data         120  main.o(.bss)
    buff                                     0x200003bc   Data          20  main.o(.bss)
    hdma_usart3_rx                           0x200003d0   Data          96  main.o(.bss)
    htim2                                    0x20000430   Data          72  stm32f4xx_hal_timebase_tim.o(.bss)
    pFlash                                   0x20000478   Data          32  stm32f4xx_hal_flash.o(.bss)
    xQueueRegistry                           0x20000498   Data          64  queue.o(.bss)
    hUsbDeviceHS                             0x20004d6c   Data         732  usb_device.o(.bss)
    USBD_StrDesc                             0x20005048   Data         512  usbd_desc.o(.bss)
    UserRxBufferHS                           0x20005248   Data        2048  usbd_cdc_if.o(.bss)
    UserTxBufferHS                           0x20005a48   Data        2048  usbd_cdc_if.o(.bss)
    hpcd_USB_OTG_HS                          0x20006468   Data        1252  usbd_conf.o(.bss)
    __libspace_start                         0x2000694c   Data          96  libspace.o(.bss)
    __temporary_stack_top$libspace           0x200069ac   Data           0  libspace.o(.bss)



==============================================================================

Memory Map of the image

  Image Entry point : 0x080001ad

  Load Region LR_IROM1 (Base: 0x08000000, Size: 0x00008f30, Max: 0x00200000, ABSOLUTE, COMPRESSED[0x00008dfc])

    Execution Region ER_IROM1 (Exec base: 0x08000000, Load base: 0x08000000, Size: 0x00008d1c, Max: 0x00200000, ABSOLUTE)

    Exec Addr    Load Addr    Size         Type   Attr      Idx    E Section Name        Object

    0x08000000   0x08000000   0x000001ac   Data   RO            3    RESET               startup_stm32f429xx.o
    0x080001ac   0x080001ac   0x00000008   Code   RO         7197  * !!!main             c_w.l(__main.o)
    0x080001b4   0x080001b4   0x00000034   Code   RO         7514    !!!scatter          c_w.l(__scatter.o)
    0x080001e8   0x080001e8   0x0000005a   Code   RO         7512    !!dczerorl2         c_w.l(__dczerorl2.o)
    0x08000242   0x08000242   0x00000002   PAD
    0x08000244   0x08000244   0x0000001c   Code   RO         7516    !!handler_zi        c_w.l(__scatter_zi.o)
    0x08000260   0x08000260   0x00000000   Code   RO         7174    .ARM.Collect$$_printf_percent$$00000000  c_w.l(_printf_percent.o)
    0x08000260   0x08000260   0x00000006   Code   RO         7173    .ARM.Collect$$_printf_percent$$00000009  c_w.l(_printf_d.o)
    0x08000266   0x08000266   0x00000004   Code   RO         7256    .ARM.Collect$$_printf_percent$$00000017  c_w.l(_printf_percent_end.o)
    0x0800026a   0x0800026a   0x00000002   Code   RO         7367    .ARM.Collect$$libinit$$00000000  c_w.l(libinit.o)
    0x0800026c   0x0800026c   0x00000004   Code   RO         7388    .ARM.Collect$$libinit$$00000001  c_w.l(libinit2.o)
    0x08000270   0x08000270   0x00000000   Code   RO         7391    .ARM.Collect$$libinit$$00000004  c_w.l(libinit2.o)
    0x08000270   0x08000270   0x00000000   Code   RO         7394    .ARM.Collect$$libinit$$0000000A  c_w.l(libinit2.o)
    0x08000270   0x08000270   0x00000000   Code   RO         7396    .ARM.Collect$$libinit$$0000000C  c_w.l(libinit2.o)
    0x08000270   0x08000270   0x00000000   Code   RO         7398    .ARM.Collect$$libinit$$0000000E  c_w.l(libinit2.o)
    0x08000270   0x08000270   0x00000006   Code   RO         7399    .ARM.Collect$$libinit$$0000000F  c_w.l(libinit2.o)
    0x08000276   0x08000276   0x00000000   Code   RO         7401    .ARM.Collect$$libinit$$00000011  c_w.l(libinit2.o)
    0x08000276   0x08000276   0x0000000c   Code   RO         7402    .ARM.Collect$$libinit$$00000012  c_w.l(libinit2.o)
    0x08000282   0x08000282   0x00000000   Code   RO         7403    .ARM.Collect$$libinit$$00000013  c_w.l(libinit2.o)
    0x08000282   0x08000282   0x00000000   Code   RO         7405    .ARM.Collect$$libinit$$00000015  c_w.l(libinit2.o)
    0x08000282   0x08000282   0x00000000   Code   RO         7407    .ARM.Collect$$libinit$$00000017  c_w.l(libinit2.o)
    0x08000282   0x08000282   0x00000000   Code   RO         7409    .ARM.Collect$$libinit$$00000019  c_w.l(libinit2.o)
    0x08000282   0x08000282   0x00000000   Code   RO         7411    .ARM.Collect$$libinit$$0000001B  c_w.l(libinit2.o)
    0x08000282   0x08000282   0x00000000   Code   RO         7413    .ARM.Collect$$libinit$$0000001D  c_w.l(libinit2.o)
    0x08000282   0x08000282   0x00000000   Code   RO         7415    .ARM.Collect$$libinit$$0000001F  c_w.l(libinit2.o)
    0x08000282   0x08000282   0x00000000   Code   RO         7417    .ARM.Collect$$libinit$$00000021  c_w.l(libinit2.o)
    0x08000282   0x08000282   0x00000000   Code   RO         7419    .ARM.Collect$$libinit$$00000023  c_w.l(libinit2.o)
    0x08000282   0x08000282   0x00000000   Code   RO         7421    .ARM.Collect$$libinit$$00000025  c_w.l(libinit2.o)
    0x08000282   0x08000282   0x00000000   Code   RO         7425    .ARM.Collect$$libinit$$0000002C  c_w.l(libinit2.o)
    0x08000282   0x08000282   0x00000000   Code   RO         7427    .ARM.Collect$$libinit$$0000002E  c_w.l(libinit2.o)
    0x08000282   0x08000282   0x00000000   Code   RO         7429    .ARM.Collect$$libinit$$00000030  c_w.l(libinit2.o)
    0x08000282   0x08000282   0x00000000   Code   RO         7431    .ARM.Collect$$libinit$$00000032  c_w.l(libinit2.o)
    0x08000282   0x08000282   0x00000002   Code   RO         7432    .ARM.Collect$$libinit$$00000033  c_w.l(libinit2.o)
    0x08000284   0x08000284   0x00000002   Code   RO         7467    .ARM.Collect$$libshutdown$$00000000  c_w.l(libshutdown.o)
    0x08000286   0x08000286   0x00000000   Code   RO         7493    .ARM.Collect$$libshutdown$$00000002  c_w.l(libshutdown2.o)
    0x08000286   0x08000286   0x00000000   Code   RO         7495    .ARM.Collect$$libshutdown$$00000004  c_w.l(libshutdown2.o)
    0x08000286   0x08000286   0x00000000   Code   RO         7497    .ARM.Collect$$libshutdown$$00000006  c_w.l(libshutdown2.o)
    0x08000286   0x08000286   0x00000000   Code   RO         7500    .ARM.Collect$$libshutdown$$00000009  c_w.l(libshutdown2.o)
    0x08000286   0x08000286   0x00000000   Code   RO         7503    .ARM.Collect$$libshutdown$$0000000C  c_w.l(libshutdown2.o)
    0x08000286   0x08000286   0x00000000   Code   RO         7505    .ARM.Collect$$libshutdown$$0000000E  c_w.l(libshutdown2.o)
    0x08000286   0x08000286   0x00000000   Code   RO         7508    .ARM.Collect$$libshutdown$$00000011  c_w.l(libshutdown2.o)
    0x08000286   0x08000286   0x00000002   Code   RO         7509    .ARM.Collect$$libshutdown$$00000012  c_w.l(libshutdown2.o)
    0x08000288   0x08000288   0x00000000   Code   RO         7243    .ARM.Collect$$rtentry$$00000000  c_w.l(__rtentry.o)
    0x08000288   0x08000288   0x00000000   Code   RO         7316    .ARM.Collect$$rtentry$$00000002  c_w.l(__rtentry2.o)
    0x08000288   0x08000288   0x00000006   Code   RO         7328    .ARM.Collect$$rtentry$$00000004  c_w.l(__rtentry4.o)
    0x0800028e   0x0800028e   0x00000000   Code   RO         7318    .ARM.Collect$$rtentry$$00000009  c_w.l(__rtentry2.o)
    0x0800028e   0x0800028e   0x00000004   Code   RO         7319    .ARM.Collect$$rtentry$$0000000A  c_w.l(__rtentry2.o)
    0x08000292   0x08000292   0x00000000   Code   RO         7321    .ARM.Collect$$rtentry$$0000000C  c_w.l(__rtentry2.o)
    0x08000292   0x08000292   0x00000008   Code   RO         7322    .ARM.Collect$$rtentry$$0000000D  c_w.l(__rtentry2.o)
    0x0800029a   0x0800029a   0x00000002   Code   RO         7372    .ARM.Collect$$rtexit$$00000000  c_w.l(rtexit.o)
    0x0800029c   0x0800029c   0x00000000   Code   RO         7438    .ARM.Collect$$rtexit$$00000002  c_w.l(rtexit2.o)
    0x0800029c   0x0800029c   0x00000004   Code   RO         7439    .ARM.Collect$$rtexit$$00000003  c_w.l(rtexit2.o)
    0x080002a0   0x080002a0   0x00000006   Code   RO         7440    .ARM.Collect$$rtexit$$00000004  c_w.l(rtexit2.o)
    0x080002a6   0x080002a6   0x00000002   PAD
    0x080002a8   0x080002a8   0x000000be   Code   RO         6277    .emb_text           port.o
    0x08000366   0x08000366   0x00000002   PAD
    0x08000368   0x08000368   0x00000040   Code   RO            4    .text               startup_stm32f429xx.o
    0x080003a8   0x080003a8   0x000000ee   Code   RO         7143    .text               c_w.l(lludivv7m.o)
    0x08000496   0x08000496   0x00000002   PAD
    0x08000498   0x08000498   0x00000028   Code   RO         7147    .text               c_w.l(noretval__2sprintf.o)
    0x080004c0   0x080004c0   0x00000068   Code   RO         7149    .text               c_w.l(__printf.o)
    0x08000528   0x08000528   0x00000078   Code   RO         7151    .text               c_w.l(_printf_dec.o)
    0x080005a0   0x080005a0   0x0000003c   Code   RO         7175    .text               c_w.l(__0sscanf.o)
    0x080005dc   0x080005dc   0x0000014c   Code   RO         7177    .text               c_w.l(_scanf_int.o)
    0x08000728   0x08000728   0x000000e0   Code   RO         7179    .text               c_w.l(_scanf_str.o)
    0x08000808   0x08000808   0x0000003e   Code   RO         7181    .text               c_w.l(strlen.o)
    0x08000846   0x08000846   0x0000008a   Code   RO         7183    .text               c_w.l(rt_memcpy_v6.o)
    0x080008d0   0x080008d0   0x00000064   Code   RO         7185    .text               c_w.l(rt_memcpy_w.o)
    0x08000934   0x08000934   0x00000010   Code   RO         7189    .text               c_w.l(aeabi_memset.o)
    0x08000944   0x08000944   0x00000044   Code   RO         7191    .text               c_w.l(rt_memclr.o)
    0x08000988   0x08000988   0x0000004e   Code   RO         7193    .text               c_w.l(rt_memclr_w.o)
    0x080009d6   0x080009d6   0x00000006   Code   RO         7195    .text               c_w.l(heapauxi.o)
    0x080009dc   0x080009dc   0x000000b2   Code   RO         7250    .text               c_w.l(_printf_intcommon.o)
    0x08000a8e   0x08000a8e   0x00000002   PAD
    0x08000a90   0x08000a90   0x00000030   Code   RO         7252    .text               c_w.l(_printf_char_common.o)
    0x08000ac0   0x08000ac0   0x0000000a   Code   RO         7254    .text               c_w.l(_sputc.o)
    0x08000aca   0x08000aca   0x0000001c   Code   RO         7257    .text               c_w.l(_chval.o)
    0x08000ae6   0x08000ae6   0x00000002   PAD
    0x08000ae8   0x08000ae8   0x0000002c   Code   RO         7259    .text               c_w.l(scanf_char.o)
    0x08000b14   0x08000b14   0x00000040   Code   RO         7261    .text               c_w.l(_sgetc.o)
    0x08000b54   0x08000b54   0x00000012   Code   RO         7337    .text               c_w.l(isspace.o)
    0x08000b66   0x08000b66   0x00000002   PAD
    0x08000b68   0x08000b68   0x00000374   Code   RO         7341    .text               c_w.l(_scanf.o)
    0x08000edc   0x08000edc   0x00000008   Code   RO         7349    .text               c_w.l(libspace.o)
    0x08000ee4   0x08000ee4   0x0000004a   Code   RO         7352    .text               c_w.l(sys_stackheap_outer.o)
    0x08000f2e   0x08000f2e   0x00000002   PAD
    0x08000f30   0x08000f30   0x00000010   Code   RO         7354    .text               c_w.l(rt_ctype_table.o)
    0x08000f40   0x08000f40   0x00000012   Code   RO         7356    .text               c_w.l(exit.o)
    0x08000f52   0x08000f52   0x00000002   PAD
    0x08000f54   0x08000f54   0x00000008   Code   RO         7379    .text               c_w.l(rt_locale_intlibspace.o)
    0x08000f5c   0x08000f5c   0x0000000c   Code   RO         7435    .text               c_w.l(sys_exit.o)
    0x08000f68   0x08000f68   0x00000080   Code   RO         7448    .text               c_w.l(strcmpv7m.o)
    0x08000fe8   0x08000fe8   0x00000002   Code   RO         7456    .text               c_w.l(use_no_semi.o)
    0x08000fea   0x08000fea   0x00000000   Code   RO         7458    .text               c_w.l(indicate_semi.o)
    0x08000fea   0x08000fea   0x00000002   Code   RO          844    i.BusFault_Handler  stm32f4xx_it.o
    0x08000fec   0x08000fec   0x00000004   Code   RO         6477    i.CDC_Control_HS    usbd_cdc_if.o
    0x08000ff0   0x08000ff0   0x00000004   Code   RO         6478    i.CDC_DeInit_HS     usbd_cdc_if.o
    0x08000ff4   0x08000ff4   0x00000024   Code   RO         6479    i.CDC_Init_HS       usbd_cdc_if.o
    0x08001018   0x08001018   0x00000048   Code   RO         6480    i.CDC_Receive_HS    usbd_cdc_if.o
    0x08001060   0x08001060   0x00000004   Code   RO         6481    i.CDC_TransmitCplt_HS  usbd_cdc_if.o
    0x08001064   0x08001064   0x0000002c   Code   RO         6482    i.CDC_Transmit_HS   usbd_cdc_if.o
    0x08001090   0x08001090   0x0000000c   Code   RO          845    i.DMA1_Stream1_IRQHandler  stm32f4xx_it.o
    0x0800109c   0x0800109c   0x00000028   Code   RO         2182    i.DMA_CalcBaseAndBitshift  stm32f4xx_hal_dma.o
    0x080010c4   0x080010c4   0x00000054   Code   RO         2183    i.DMA_CheckFifoParam  stm32f4xx_hal_dma.o
    0x08001118   0x08001118   0x00000002   Code   RO          846    i.DebugMon_Handler  stm32f4xx_it.o
    0x0800111a   0x0800111a   0x00000006   Code   RO          847    i.EXTI0_IRQHandler  stm32f4xx_it.o
    0x08001120   0x08001120   0x00000006   Code   RO          848    i.EXTI1_IRQHandler  stm32f4xx_it.o
    0x08001126   0x08001126   0x00000006   Code   RO          849    i.EXTI2_IRQHandler  stm32f4xx_it.o
    0x0800112c   0x0800112c   0x00000006   Code   RO          850    i.EXTI3_IRQHandler  stm32f4xx_it.o
    0x08001132   0x08001132   0x00000006   Code   RO          851    i.EXTI4_IRQHandler  stm32f4xx_it.o
    0x08001138   0x08001138   0x00000006   Code   RO          852    i.EXTI9_5_IRQHandler  stm32f4xx_it.o
    0x0800113e   0x0800113e   0x00000004   Code   RO          467    i.Error_Handler     main.o
    0x08001142   0x08001142   0x00000002   PAD
    0x08001144   0x08001144   0x00000054   Code   RO         1957    i.FLASH_Erase_Sector  stm32f4xx_hal_flash_ex.o
    0x08001198   0x08001198   0x00000054   Code   RO         1958    i.FLASH_FlushCaches  stm32f4xx_hal_flash_ex.o
    0x080011ec   0x080011ec   0x00000040   Code   RO         1959    i.FLASH_MassErase   stm32f4xx_hal_flash_ex.o
    0x0800122c   0x0800122c   0x00000020   Code   RO         1839    i.FLASH_Program_Byte  stm32f4xx_hal_flash.o
    0x0800124c   0x0800124c   0x0000002c   Code   RO         1840    i.FLASH_Program_DoubleWord  stm32f4xx_hal_flash.o
    0x08001278   0x08001278   0x00000024   Code   RO         1841    i.FLASH_Program_HalfWord  stm32f4xx_hal_flash.o
    0x0800129c   0x0800129c   0x00000024   Code   RO         1842    i.FLASH_Program_Word  stm32f4xx_hal_flash.o
    0x080012c0   0x080012c0   0x0000007c   Code   RO         1843    i.FLASH_SetErrorCode  stm32f4xx_hal_flash.o
    0x0800133c   0x0800133c   0x00000050   Code   RO         1844    i.FLASH_WaitForLastOperation  stm32f4xx_hal_flash.o
    0x0800138c   0x0800138c   0x00000004   Code   RO          173    i.GETVALUE          stm_tb6600.o
    0x08001390   0x08001390   0x000001a0   Code   RO         2190    i.HAL_DMA_IRQHandler  stm32f4xx_hal_dma.o
    0x08001530   0x08001530   0x000000d4   Code   RO         2191    i.HAL_DMA_Init      stm32f4xx_hal_dma.o
    0x08001604   0x08001604   0x00000024   Code   RO         2640    i.HAL_Delay         stm32f4xx_hal.o
    0x08001628   0x08001628   0x0000009c   Code   RO         1964    i.HAL_FLASHEx_Erase  stm32f4xx_hal_flash_ex.o
    0x080016c4   0x080016c4   0x00000014   Code   RO         1848    i.HAL_FLASH_Lock    stm32f4xx_hal_flash.o
    0x080016d8   0x080016d8   0x0000007c   Code   RO         1853    i.HAL_FLASH_Program  stm32f4xx_hal_flash.o
    0x08001754   0x08001754   0x0000002c   Code   RO         1855    i.HAL_FLASH_Unlock  stm32f4xx_hal_flash.o
    0x08001780   0x08001780   0x00000044   Code   RO          468    i.HAL_GPIO_EXTI_Callback  main.o
    0x080017c4   0x080017c4   0x00000018   Code   RO         2077    i.HAL_GPIO_EXTI_IRQHandler  stm32f4xx_hal_gpio.o
    0x080017dc   0x080017dc   0x00000234   Code   RO         2078    i.HAL_GPIO_Init     stm32f4xx_hal_gpio.o
    0x08001a10   0x08001a10   0x0000000a   Code   RO         2080    i.HAL_GPIO_ReadPin  stm32f4xx_hal_gpio.o
    0x08001a1a   0x08001a1a   0x00000010   Code   RO         2081    i.HAL_GPIO_TogglePin  stm32f4xx_hal_gpio.o
    0x08001a2a   0x08001a2a   0x0000000a   Code   RO         2082    i.HAL_GPIO_WritePin  stm32f4xx_hal_gpio.o
    0x08001a34   0x08001a34   0x0000000c   Code   RO         2648    i.HAL_GetTick       stm32f4xx_hal.o
    0x08001a40   0x08001a40   0x00000010   Code   RO         2654    i.HAL_IncTick       stm32f4xx_hal.o
    0x08001a50   0x08001a50   0x00000034   Code   RO         2655    i.HAL_Init          stm32f4xx_hal.o
    0x08001a84   0x08001a84   0x00000098   Code   RO         1047    i.HAL_InitTick      stm32f4xx_hal_timebase_tim.o
    0x08001b1c   0x08001b1c   0x00000038   Code   RO          980    i.HAL_MspInit       stm32f4xx_hal_msp.o
    0x08001b54   0x08001b54   0x0000001a   Code   RO         2488    i.HAL_NVIC_EnableIRQ  stm32f4xx_hal_cortex.o
    0x08001b6e   0x08001b6e   0x00000002   PAD
    0x08001b70   0x08001b70   0x00000040   Code   RO         2494    i.HAL_NVIC_SetPriority  stm32f4xx_hal_cortex.o
    0x08001bb0   0x08001bb0   0x00000024   Code   RO         2495    i.HAL_NVIC_SetPriorityGrouping  stm32f4xx_hal_cortex.o
    0x08001bd4   0x08001bd4   0x00000002   Code   RO         1325    i.HAL_PCDEx_LPM_Callback  stm32f4xx_hal_pcd_ex.o
    0x08001bd6   0x08001bd6   0x00000008   Code   RO         1326    i.HAL_PCDEx_SetRxFiFo  stm32f4xx_hal_pcd_ex.o
    0x08001bde   0x08001bde   0x00000044   Code   RO         1327    i.HAL_PCDEx_SetTxFiFo  stm32f4xx_hal_pcd_ex.o
    0x08001c22   0x08001c22   0x00000008   Code   RO         6534    i.HAL_PCD_ConnectCallback  usbd_conf.o
    0x08001c2a   0x08001c2a   0x00000012   Code   RO         6535    i.HAL_PCD_DataInStageCallback  usbd_conf.o
    0x08001c3c   0x08001c3c   0x00000014   Code   RO         6536    i.HAL_PCD_DataOutStageCallback  usbd_conf.o
    0x08001c50   0x08001c50   0x00000008   Code   RO         6537    i.HAL_PCD_DisconnectCallback  usbd_conf.o
    0x08001c58   0x08001c58   0x0000001e   Code   RO         1095    i.HAL_PCD_EP_Abort  stm32f4xx_hal_pcd.o
    0x08001c76   0x08001c76   0x0000004a   Code   RO         1096    i.HAL_PCD_EP_Close  stm32f4xx_hal_pcd.o
    0x08001cc0   0x08001cc0   0x0000005a   Code   RO         1097    i.HAL_PCD_EP_ClrStall  stm32f4xx_hal_pcd.o
    0x08001d1a   0x08001d1a   0x00000012   Code   RO         1099    i.HAL_PCD_EP_GetRxCount  stm32f4xx_hal_pcd.o
    0x08001d2c   0x08001d2c   0x00000062   Code   RO         1100    i.HAL_PCD_EP_Open   stm32f4xx_hal_pcd.o
    0x08001d8e   0x08001d8e   0x00000038   Code   RO         1101    i.HAL_PCD_EP_Receive  stm32f4xx_hal_pcd.o
    0x08001dc6   0x08001dc6   0x00000072   Code   RO         1102    i.HAL_PCD_EP_SetStall  stm32f4xx_hal_pcd.o
    0x08001e38   0x08001e38   0x00000032   Code   RO         1103    i.HAL_PCD_EP_Transmit  stm32f4xx_hal_pcd.o
    0x08001e6a   0x08001e6a   0x00000002   PAD
    0x08001e6c   0x08001e6c   0x0000055c   Code   RO         1105    i.HAL_PCD_IRQHandler  stm32f4xx_hal_pcd.o
    0x080023c8   0x080023c8   0x00000008   Code   RO         6538    i.HAL_PCD_ISOINIncompleteCallback  usbd_conf.o
    0x080023d0   0x080023d0   0x00000008   Code   RO         6539    i.HAL_PCD_ISOOUTIncompleteCallback  usbd_conf.o
    0x080023d8   0x080023d8   0x000000cc   Code   RO         1108    i.HAL_PCD_Init      stm32f4xx_hal_pcd.o
    0x080024a4   0x080024a4   0x00000078   Code   RO         6541    i.HAL_PCD_MspInit   usbd_conf.o
    0x0800251c   0x0800251c   0x0000002c   Code   RO         6542    i.HAL_PCD_ResetCallback  usbd_conf.o
    0x08002548   0x08002548   0x00000008   Code   RO         6543    i.HAL_PCD_ResumeCallback  usbd_conf.o
    0x08002550   0x08002550   0x00000008   Code   RO         6544    i.HAL_PCD_SOFCallback  usbd_conf.o
    0x08002558   0x08002558   0x00000026   Code   RO         1114    i.HAL_PCD_SetAddress  stm32f4xx_hal_pcd.o
    0x0800257e   0x0800257e   0x0000000e   Code   RO         6545    i.HAL_PCD_SetupStageCallback  usbd_conf.o
    0x0800258c   0x0800258c   0x00000042   Code   RO         1117    i.HAL_PCD_Start     stm32f4xx_hal_pcd.o
    0x080025ce   0x080025ce   0x00000002   PAD
    0x080025d0   0x080025d0   0x00000030   Code   RO         6546    i.HAL_PCD_SuspendCallback  usbd_conf.o
    0x08002600   0x08002600   0x00000134   Code   RO         1672    i.HAL_RCC_ClockConfig  stm32f4xx_hal_rcc.o
    0x08002734   0x08002734   0x00000040   Code   RO         1676    i.HAL_RCC_GetClockConfig  stm32f4xx_hal_rcc.o
    0x08002774   0x08002774   0x0000000c   Code   RO         1677    i.HAL_RCC_GetHCLKFreq  stm32f4xx_hal_rcc.o
    0x08002780   0x08002780   0x00000020   Code   RO         1679    i.HAL_RCC_GetPCLK1Freq  stm32f4xx_hal_rcc.o
    0x080027a0   0x080027a0   0x00000020   Code   RO         1680    i.HAL_RCC_GetPCLK2Freq  stm32f4xx_hal_rcc.o
    0x080027c0   0x080027c0   0x00000060   Code   RO         1681    i.HAL_RCC_GetSysClockFreq  stm32f4xx_hal_rcc.o
    0x08002820   0x08002820   0x0000036c   Code   RO         1684    i.HAL_RCC_OscConfig  stm32f4xx_hal_rcc.o
    0x08002b8c   0x08002b8c   0x000000bc   Code   RO         2914    i.HAL_SPI_Init      stm32f4xx_hal_spi.o
    0x08002c48   0x08002c48   0x00000090   Code   RO          982    i.HAL_SPI_MspInit   stm32f4xx_hal_msp.o
    0x08002cd8   0x08002cd8   0x00000154   Code   RO         2917    i.HAL_SPI_Receive   stm32f4xx_hal_spi.o
    0x08002e2c   0x08002e2c   0x000001f0   Code   RO         2923    i.HAL_SPI_TransmitReceive  stm32f4xx_hal_spi.o
    0x0800301c   0x0800301c   0x00000002   Code   RO         3931    i.HAL_TIMEx_BreakCallback  stm32f4xx_hal_tim_ex.o
    0x0800301e   0x0800301e   0x00000002   Code   RO         3932    i.HAL_TIMEx_CommutCallback  stm32f4xx_hal_tim_ex.o
    0x08003020   0x08003020   0x00000054   Code   RO         3934    i.HAL_TIMEx_ConfigBreakDeadTime  stm32f4xx_hal_tim_ex.o
    0x08003074   0x08003074   0x00000090   Code   RO         3950    i.HAL_TIMEx_MasterConfigSynchronization  stm32f4xx_hal_tim_ex.o
    0x08003104   0x08003104   0x0000005a   Code   RO         3227    i.HAL_TIM_Base_Init  stm32f4xx_hal_tim.o
    0x0800315e   0x0800315e   0x00000002   PAD
    0x08003160   0x08003160   0x00000088   Code   RO          984    i.HAL_TIM_Base_MspInit  stm32f4xx_hal_msp.o
    0x080031e8   0x080031e8   0x00000080   Code   RO         3232    i.HAL_TIM_Base_Start_IT  stm32f4xx_hal_tim.o
    0x08003268   0x08003268   0x00000030   Code   RO         3235    i.HAL_TIM_Base_Stop_IT  stm32f4xx_hal_tim.o
    0x08003298   0x08003298   0x000000dc   Code   RO         3236    i.HAL_TIM_ConfigClockSource  stm32f4xx_hal_tim.o
    0x08003374   0x08003374   0x00000002   Code   RO         3261    i.HAL_TIM_IC_CaptureCallback  stm32f4xx_hal_tim.o
    0x08003376   0x08003376   0x00000130   Code   RO         3275    i.HAL_TIM_IRQHandler  stm32f4xx_hal_tim.o
    0x080034a6   0x080034a6   0x00000002   PAD
    0x080034a8   0x080034a8   0x00000054   Code   RO          985    i.HAL_TIM_MspPostInit  stm32f4xx_hal_msp.o
    0x080034fc   0x080034fc   0x00000002   Code   RO         3278    i.HAL_TIM_OC_DelayElapsedCallback  stm32f4xx_hal_tim.o
    0x080034fe   0x080034fe   0x000000cc   Code   RO         3299    i.HAL_TIM_PWM_ConfigChannel  stm32f4xx_hal_tim.o
    0x080035ca   0x080035ca   0x0000005a   Code   RO         3302    i.HAL_TIM_PWM_Init  stm32f4xx_hal_tim.o
    0x08003624   0x08003624   0x00000002   Code   RO         3304    i.HAL_TIM_PWM_MspInit  stm32f4xx_hal_tim.o
    0x08003626   0x08003626   0x00000002   Code   RO         3305    i.HAL_TIM_PWM_PulseFinishedCallback  stm32f4xx_hal_tim.o
    0x08003628   0x08003628   0x000000c8   Code   RO         3307    i.HAL_TIM_PWM_Start  stm32f4xx_hal_tim.o
    0x080036f0   0x080036f0   0x0000007c   Code   RO         3310    i.HAL_TIM_PWM_Stop  stm32f4xx_hal_tim.o
    0x0800376c   0x0800376c   0x000000d0   Code   RO          469    i.HAL_TIM_PeriodElapsedCallback  main.o
    0x0800383c   0x0800383c   0x00000002   Code   RO         3318    i.HAL_TIM_TriggerCallback  stm32f4xx_hal_tim.o
    0x0800383e   0x0800383e   0x00000064   Code   RO         4228    i.HAL_UART_Init     stm32f4xx_hal_uart.o
    0x080038a2   0x080038a2   0x00000002   PAD
    0x080038a4   0x080038a4   0x000000a4   Code   RO          987    i.HAL_UART_MspInit  stm32f4xx_hal_msp.o
    0x08003948   0x08003948   0x00000002   Code   RO          853    i.HardFault_Handler  stm32f4xx_it.o
    0x0800394a   0x0800394a   0x00000002   PAD
    0x0800394c   0x0800394c   0x0000004c   Code   RO          470    i.Home              main.o
    0x08003998   0x08003998   0x00000038   Code   RO         6391    i.IntToUnicode      usbd_desc.o
    0x080039d0   0x080039d0   0x0000005c   Code   RO          471    i.MAX6675_ReadTemp  main.o
    0x08003a2c   0x08003a2c   0x00000134   Code   RO          473    i.MX_GPIO_Init      main.o
    0x08003b60   0x08003b60   0x00000044   Code   RO          474    i.MX_SPI1_Init      main.o
    0x08003ba4   0x08003ba4   0x000000c8   Code   RO          475    i.MX_TIM1_Init      main.o
    0x08003c6c   0x08003c6c   0x00000068   Code   RO          476    i.MX_TIM5_Init      main.o
    0x08003cd4   0x08003cd4   0x00000054   Code   RO         6357    i.MX_USB_DEVICE_Init  usb_device.o
    0x08003d28   0x08003d28   0x00000002   Code   RO          854    i.MemManage_Handler  stm32f4xx_it.o
    0x08003d2a   0x08003d2a   0x00000002   Code   RO          855    i.NMI_Handler       stm32f4xx_it.o
    0x08003d2c   0x08003d2c   0x0000000c   Code   RO          856    i.OTG_HS_IRQHandler  stm32f4xx_it.o
    0x08003d38   0x08003d38   0x000000cc   Code   RO         1121    i.PCD_EP_OutXfrComplete_int  stm32f4xx_hal_pcd.o
    0x08003e04   0x08003e04   0x000000a2   Code   RO         1122    i.PCD_WriteEmptyTxFifo  stm32f4xx_hal_pcd.o
    0x08003ea6   0x08003ea6   0x0000005c   Code   RO         2951    i.SPI_EndRxTransaction  stm32f4xx_hal_spi.o
    0x08003f02   0x08003f02   0x00000002   PAD
    0x08003f04   0x08003f04   0x0000006c   Code   RO         2952    i.SPI_EndRxTxTransaction  stm32f4xx_hal_spi.o
    0x08003f70   0x08003f70   0x000000b8   Code   RO         2957    i.SPI_WaitFlagStateUntilTimeout  stm32f4xx_hal_spi.o
    0x08004028   0x08004028   0x0000000a   Code   RO         6900    i.SWAPBYTE          usbd_ctlreq.o
    0x08004032   0x08004032   0x00000002   PAD
    0x08004034   0x08004034   0x000001e0   Code   RO          479    i.StartDefaultTask  main.o
    0x08004214   0x08004214   0x00000020   Code   RO          480    i.StartReset        main.o
    0x08004234   0x08004234   0x00000060   Code   RO          481    i.StartTempControl  main.o
    0x08004294   0x08004294   0x00000050   Code   RO          482    i.StartTempRead     main.o
    0x080042e4   0x080042e4   0x0000003c   Code   RO          483    i.StartUSB          main.o
    0x08004320   0x08004320   0x00000068   Code   RO          484    i.StoreFlashByte    main.o
    0x08004388   0x08004388   0x0000001a   Code   RO         5709    i.SysTick_Handler   cmsis_os2.o
    0x080043a2   0x080043a2   0x00000002   PAD
    0x080043a4   0x080043a4   0x00000094   Code   RO          485    i.SystemClock_Config  main.o
    0x08004438   0x08004438   0x00000010   Code   RO         4562    i.SystemInit        system_stm32f4xx.o
    0x08004448   0x08004448   0x0000000c   Code   RO          857    i.TIM1_BRK_TIM9_IRQHandler  stm32f4xx_it.o
    0x08004454   0x08004454   0x0000000c   Code   RO          858    i.TIM1_CC_IRQHandler  stm32f4xx_it.o
    0x08004460   0x08004460   0x0000000c   Code   RO          859    i.TIM1_TRG_COM_TIM11_IRQHandler  stm32f4xx_it.o
    0x0800446c   0x0800446c   0x0000000c   Code   RO          860    i.TIM1_UP_TIM10_IRQHandler  stm32f4xx_it.o
    0x08004478   0x08004478   0x0000000c   Code   RO          861    i.TIM2_IRQHandler   stm32f4xx_it.o
    0x08004484   0x08004484   0x000000d8   Code   RO         3320    i.TIM_Base_SetConfig  stm32f4xx_hal_tim.o
    0x0800455c   0x0800455c   0x0000001a   Code   RO         3321    i.TIM_CCxChannelCmd  stm32f4xx_hal_tim.o
    0x08004576   0x08004576   0x00000014   Code   RO         3331    i.TIM_ETR_SetConfig  stm32f4xx_hal_tim.o
    0x0800458a   0x0800458a   0x00000010   Code   RO         3332    i.TIM_ITRx_SetConfig  stm32f4xx_hal_tim.o
    0x0800459a   0x0800459a   0x00000002   PAD
    0x0800459c   0x0800459c   0x00000060   Code   RO         3333    i.TIM_OC1_SetConfig  stm32f4xx_hal_tim.o
    0x080045fc   0x080045fc   0x0000006c   Code   RO         3334    i.TIM_OC2_SetConfig  stm32f4xx_hal_tim.o
    0x08004668   0x08004668   0x00000068   Code   RO         3335    i.TIM_OC3_SetConfig  stm32f4xx_hal_tim.o
    0x080046d0   0x080046d0   0x00000050   Code   RO         3336    i.TIM_OC4_SetConfig  stm32f4xx_hal_tim.o
    0x08004720   0x08004720   0x00000022   Code   RO         3338    i.TIM_TI1_ConfigInputStage  stm32f4xx_hal_tim.o
    0x08004742   0x08004742   0x00000024   Code   RO         3340    i.TIM_TI2_ConfigInputStage  stm32f4xx_hal_tim.o
    0x08004766   0x08004766   0x00000002   PAD
    0x08004768   0x08004768   0x0000010c   Code   RO         4254    i.UART_SetConfig    stm32f4xx_hal_uart.o
    0x08004874   0x08004874   0x00000076   Code   RO         7038    i.USBD_CDC_DataIn   usbd_cdc.o
    0x080048ea   0x080048ea   0x0000003c   Code   RO         7039    i.USBD_CDC_DataOut  usbd_cdc.o
    0x08004926   0x08004926   0x00000002   PAD
    0x08004928   0x08004928   0x00000090   Code   RO         7040    i.USBD_CDC_DeInit   usbd_cdc.o
    0x080049b8   0x080049b8   0x00000036   Code   RO         7041    i.USBD_CDC_EP0_RxReady  usbd_cdc.o
    0x080049ee   0x080049ee   0x00000002   PAD
    0x080049f0   0x080049f0   0x0000000c   Code   RO         7042    i.USBD_CDC_GetDeviceQualifierDescriptor  usbd_cdc.o
    0x080049fc   0x080049fc   0x0000003c   Code   RO         7043    i.USBD_CDC_GetFSCfgDesc  usbd_cdc.o
    0x08004a38   0x08004a38   0x00000040   Code   RO         7044    i.USBD_CDC_GetHSCfgDesc  usbd_cdc.o
    0x08004a78   0x08004a78   0x0000003c   Code   RO         7045    i.USBD_CDC_GetOtherSpeedCfgDesc  usbd_cdc.o
    0x08004ab4   0x08004ab4   0x00000118   Code   RO         7046    i.USBD_CDC_Init     usbd_cdc.o
    0x08004bcc   0x08004bcc   0x00000038   Code   RO         7047    i.USBD_CDC_ReceivePacket  usbd_cdc.o
    0x08004c04   0x08004c04   0x00000016   Code   RO         7048    i.USBD_CDC_RegisterInterface  usbd_cdc.o
    0x08004c1a   0x08004c1a   0x0000001a   Code   RO         7049    i.USBD_CDC_SetRxBuffer  usbd_cdc.o
    0x08004c34   0x08004c34   0x0000001e   Code   RO         7050    i.USBD_CDC_SetTxBuffer  usbd_cdc.o
    0x08004c52   0x08004c52   0x000000d4   Code   RO         7051    i.USBD_CDC_Setup    usbd_cdc.o
    0x08004d26   0x08004d26   0x00000002   PAD
    0x08004d28   0x08004d28   0x00000050   Code   RO         7052    i.USBD_CDC_TransmitPacket  usbd_cdc.o
    0x08004d78   0x08004d78   0x00000014   Code   RO         6741    i.USBD_ClrClassConfig  usbd_core.o
    0x08004d8c   0x08004d8c   0x00000004   Code   RO         6742    i.USBD_CoreFindEP   usbd_core.o
    0x08004d90   0x08004d90   0x00000004   Code   RO         6743    i.USBD_CoreFindIF   usbd_core.o
    0x08004d94   0x08004d94   0x00000010   Code   RO         6978    i.USBD_CtlContinueRx  usbd_ioreq.o
    0x08004da4   0x08004da4   0x00000010   Code   RO         6979    i.USBD_CtlContinueSendData  usbd_ioreq.o
    0x08004db4   0x08004db4   0x00000016   Code   RO         6901    i.USBD_CtlError     usbd_ctlreq.o
    0x08004dca   0x08004dca   0x0000001e   Code   RO         6980    i.USBD_CtlPrepareRx  usbd_ioreq.o
    0x08004de8   0x08004de8   0x00000016   Code   RO         6981    i.USBD_CtlReceiveStatus  usbd_ioreq.o
    0x08004dfe   0x08004dfe   0x0000001a   Code   RO         6982    i.USBD_CtlSendData  usbd_ioreq.o
    0x08004e18   0x08004e18   0x00000016   Code   RO         6983    i.USBD_CtlSendStatus  usbd_ioreq.o
    0x08004e2e   0x08004e2e   0x000000e6   Code   RO         6902    i.USBD_GetDescriptor  usbd_ctlreq.o
    0x08004f14   0x08004f14   0x0000003a   Code   RO         6745    i.USBD_GetEpDesc    usbd_core.o
    0x08004f4e   0x08004f4e   0x00000014   Code   RO         6903    i.USBD_GetLen       usbd_ctlreq.o
    0x08004f62   0x08004f62   0x0000000e   Code   RO         6746    i.USBD_GetNextDesc  usbd_core.o
    0x08004f70   0x08004f70   0x0000004e   Code   RO         6904    i.USBD_GetString    usbd_ctlreq.o
    0x08004fbe   0x08004fbe   0x00000018   Code   RO         6547    i.USBD_Get_USB_Status  usbd_conf.o
    0x08004fd6   0x08004fd6   0x00000002   PAD
    0x08004fd8   0x08004fd8   0x00000020   Code   RO         6392    i.USBD_HS_ConfigStrDescriptor  usbd_desc.o
    0x08004ff8   0x08004ff8   0x0000000c   Code   RO         6393    i.USBD_HS_DeviceDescriptor  usbd_desc.o
    0x08005004   0x08005004   0x00000024   Code   RO         6394    i.USBD_HS_InterfaceStrDescriptor  usbd_desc.o
    0x08005028   0x08005028   0x0000000c   Code   RO         6395    i.USBD_HS_LangIDStrDescriptor  usbd_desc.o
    0x08005034   0x08005034   0x00000028   Code   RO         6396    i.USBD_HS_ManufacturerStrDescriptor  usbd_desc.o
    0x0800505c   0x0800505c   0x0000002c   Code   RO         6397    i.USBD_HS_ProductStrDescriptor  usbd_desc.o
    0x08005088   0x08005088   0x00000038   Code   RO         6398    i.USBD_HS_SerialStrDescriptor  usbd_desc.o
    0x080050c0   0x080050c0   0x00000026   Code   RO         6747    i.USBD_Init         usbd_core.o
    0x080050e6   0x080050e6   0x00000012   Code   RO         6548    i.USBD_LL_ClearStallEP  usbd_conf.o
    0x080050f8   0x080050f8   0x00000012   Code   RO         6549    i.USBD_LL_CloseEP   usbd_conf.o
    0x0800510a   0x0800510a   0x000000b6   Code   RO         6748    i.USBD_LL_DataInStage  usbd_core.o
    0x080051c0   0x080051c0   0x0000008e   Code   RO         6749    i.USBD_LL_DataOutStage  usbd_core.o
    0x0800524e   0x0800524e   0x00000004   Code   RO         6750    i.USBD_LL_DevConnected  usbd_core.o
    0x08005252   0x08005252   0x0000001e   Code   RO         6751    i.USBD_LL_DevDisconnected  usbd_core.o
    0x08005270   0x08005270   0x00000008   Code   RO         6553    i.USBD_LL_GetRxDataSize  usbd_conf.o
    0x08005278   0x08005278   0x00000068   Code   RO         6554    i.USBD_LL_Init      usbd_conf.o
    0x080052e0   0x080052e0   0x0000001e   Code   RO         6555    i.USBD_LL_IsStallEP  usbd_conf.o
    0x080052fe   0x080052fe   0x00000028   Code   RO         6752    i.USBD_LL_IsoINIncomplete  usbd_core.o
    0x08005326   0x08005326   0x00000028   Code   RO         6753    i.USBD_LL_IsoOUTIncomplete  usbd_core.o
    0x0800534e   0x0800534e   0x00000018   Code   RO         6556    i.USBD_LL_OpenEP    usbd_conf.o
    0x08005366   0x08005366   0x00000012   Code   RO         6557    i.USBD_LL_PrepareReceive  usbd_conf.o
    0x08005378   0x08005378   0x0000005c   Code   RO         6754    i.USBD_LL_Reset     usbd_core.o
    0x080053d4   0x080053d4   0x00000014   Code   RO         6755    i.USBD_LL_Resume    usbd_core.o
    0x080053e8   0x080053e8   0x0000001a   Code   RO         6756    i.USBD_LL_SOF       usbd_core.o
    0x08005402   0x08005402   0x00000006   Code   RO         6757    i.USBD_LL_SetSpeed  usbd_core.o
    0x08005408   0x08005408   0x00000012   Code   RO         6558    i.USBD_LL_SetUSBAddress  usbd_conf.o
    0x0800541a   0x0800541a   0x00000060   Code   RO         6758    i.USBD_LL_SetupStage  usbd_core.o
    0x0800547a   0x0800547a   0x00000012   Code   RO         6559    i.USBD_LL_StallEP   usbd_conf.o
    0x0800548c   0x0800548c   0x00000012   Code   RO         6560    i.USBD_LL_Start     usbd_conf.o
    0x0800549e   0x0800549e   0x0000001a   Code   RO         6759    i.USBD_LL_Suspend   usbd_core.o
    0x080054b8   0x080054b8   0x00000012   Code   RO         6562    i.USBD_LL_Transmit  usbd_conf.o
    0x080054ca   0x080054ca   0x0000002c   Code   RO         6905    i.USBD_ParseSetupRequest  usbd_ctlreq.o
    0x080054f6   0x080054f6   0x0000003a   Code   RO         6760    i.USBD_RegisterClass  usbd_core.o
    0x08005530   0x08005530   0x00000014   Code   RO         6762    i.USBD_SetClassConfig  usbd_core.o
    0x08005544   0x08005544   0x000000b8   Code   RO         6906    i.USBD_SetConfig    usbd_ctlreq.o
    0x080055fc   0x080055fc   0x00000004   Code   RO         6763    i.USBD_Start        usbd_core.o
    0x08005600   0x08005600   0x0000012c   Code   RO         6907    i.USBD_StdDevReq    usbd_ctlreq.o
    0x0800572c   0x0800572c   0x00000160   Code   RO         6908    i.USBD_StdEPReq     usbd_ctlreq.o
    0x0800588c   0x0800588c   0x00000072   Code   RO         6909    i.USBD_StdItfReq    usbd_ctlreq.o
    0x080058fe   0x080058fe   0x00000002   Code   RO         6563    i.USBD_static_free  usbd_conf.o
    0x08005900   0x08005900   0x00000008   Code   RO         6564    i.USBD_static_malloc  usbd_conf.o
    0x08005908   0x08005908   0x00000080   Code   RO         1367    i.USB_ActivateEndpoint  stm32f4xx_ll_usb.o
    0x08005988   0x08005988   0x0000001c   Code   RO         1369    i.USB_ActivateSetup  stm32f4xx_ll_usb.o
    0x080059a4   0x080059a4   0x00000084   Code   RO         1371    i.USB_CoreInit      stm32f4xx_ll_usb.o
    0x08005a28   0x08005a28   0x0000003c   Code   RO         1372    i.USB_CoreReset     stm32f4xx_ll_usb.o
    0x08005a64   0x08005a64   0x000000cc   Code   RO         1375    i.USB_DeactivateEndpoint  stm32f4xx_ll_usb.o
    0x08005b30   0x08005b30   0x0000001c   Code   RO         1376    i.USB_DevConnect    stm32f4xx_ll_usb.o
    0x08005b4c   0x08005b4c   0x0000001c   Code   RO         1377    i.USB_DevDisconnect  stm32f4xx_ll_usb.o
    0x08005b68   0x08005b68   0x0000017c   Code   RO         1378    i.USB_DevInit       stm32f4xx_ll_usb.o
    0x08005ce4   0x08005ce4   0x0000000c   Code   RO         1379    i.USB_DisableGlobalInt  stm32f4xx_ll_usb.o
    0x08005cf0   0x08005cf0   0x00000058   Code   RO         1382    i.USB_EP0_OutStart  stm32f4xx_ll_usb.o
    0x08005d48   0x08005d48   0x00000058   Code   RO         1383    i.USB_EPClearStall  stm32f4xx_ll_usb.o
    0x08005da0   0x08005da0   0x00000058   Code   RO         1384    i.USB_EPSetStall    stm32f4xx_ll_usb.o
    0x08005df8   0x08005df8   0x00000238   Code   RO         1385    i.USB_EPStartXfer   stm32f4xx_ll_usb.o
    0x08006030   0x08006030   0x0000009e   Code   RO         1386    i.USB_EPStopXfer    stm32f4xx_ll_usb.o
    0x080060ce   0x080060ce   0x0000000c   Code   RO         1387    i.USB_EnableGlobalInt  stm32f4xx_ll_usb.o
    0x080060da   0x080060da   0x00000038   Code   RO         1388    i.USB_FlushRxFifo   stm32f4xx_ll_usb.o
    0x08006112   0x08006112   0x0000003c   Code   RO         1389    i.USB_FlushTxFifo   stm32f4xx_ll_usb.o
    0x0800614e   0x0800614e   0x0000001a   Code   RO         1391    i.USB_GetDevSpeed   stm32f4xx_ll_usb.o
    0x08006168   0x08006168   0x00000008   Code   RO         1393    i.USB_GetMode       stm32f4xx_ll_usb.o
    0x08006170   0x08006170   0x0000000e   Code   RO         1401    i.USB_ReadDevAllInEpInterrupt  stm32f4xx_ll_usb.o
    0x0800617e   0x0800617e   0x0000000e   Code   RO         1402    i.USB_ReadDevAllOutEpInterrupt  stm32f4xx_ll_usb.o
    0x0800618c   0x0800618c   0x00000024   Code   RO         1403    i.USB_ReadDevInEPInterrupt  stm32f4xx_ll_usb.o
    0x080061b0   0x080061b0   0x00000010   Code   RO         1404    i.USB_ReadDevOutEPInterrupt  stm32f4xx_ll_usb.o
    0x080061c0   0x080061c0   0x00000008   Code   RO         1405    i.USB_ReadInterrupts  stm32f4xx_ll_usb.o
    0x080061c8   0x080061c8   0x0000003e   Code   RO         1406    i.USB_ReadPacket    stm32f4xx_ll_usb.o
    0x08006206   0x08006206   0x0000005c   Code   RO         1408    i.USB_SetCurrentMode  stm32f4xx_ll_usb.o
    0x08006262   0x08006262   0x00000022   Code   RO         1409    i.USB_SetDevAddress  stm32f4xx_ll_usb.o
    0x08006284   0x08006284   0x000000e8   Code   RO         1411    i.USB_SetTurnaroundTime  stm32f4xx_ll_usb.o
    0x0800636c   0x0800636c   0x00000028   Code   RO         1414    i.USB_WritePacket   stm32f4xx_ll_usb.o
    0x08006394   0x08006394   0x00000002   Code   RO          862    i.UsageFault_Handler  stm32f4xx_it.o
    0x08006396   0x08006396   0x00000002   PAD
    0x08006398   0x08006398   0x000000d4   Code   RO          486    i.Usb_Receive_Check  main.o
    0x0800646c   0x0800646c   0x00000020   Code   RO         2501    i.__NVIC_SetPriority  stm32f4xx_hal_cortex.o
    0x0800648c   0x0800648c   0x0000019c   Code   RO          487    i.main              main.o
    0x08006628   0x08006628   0x0000001a   Code   RO         5711    i.osDelay           cmsis_os2.o
    0x08006642   0x08006642   0x00000002   PAD
    0x08006644   0x08006644   0x00000024   Code   RO         5725    i.osKernelInitialize  cmsis_os2.o
    0x08006668   0x08006668   0x00000038   Code   RO         5728    i.osKernelStart     cmsis_os2.o
    0x080066a0   0x080066a0   0x00000074   Code   RO         5762    i.osThreadFlagsSet  cmsis_os2.o
    0x08006714   0x08006714   0x00000096   Code   RO         5763    i.osThreadFlagsWait  cmsis_os2.o
    0x080067aa   0x080067aa   0x00000002   PAD
    0x080067ac   0x080067ac   0x0000008a   Code   RO         5770    i.osThreadNew       cmsis_os2.o
    0x08006836   0x08006836   0x00000002   PAD
    0x08006838   0x08006838   0x0000005c   Code   RO         5170    i.prvAddCurrentTaskToDelayedList  tasks.o
    0x08006894   0x08006894   0x000000d0   Code   RO         5171    i.prvAddNewTaskToReadyList  tasks.o
    0x08006964   0x08006964   0x00000058   Code   RO         5535    i.prvCheckForValidListAndQueue  timers.o
    0x080069bc   0x080069bc   0x00000026   Code   RO         4767    i.prvCopyDataFromQueue  queue.o
    0x080069e2   0x080069e2   0x0000006c   Code   RO         4768    i.prvCopyDataToQueue  queue.o
    0x08006a4e   0x08006a4e   0x00000034   Code   RO         5172    i.prvDeleteTCB      tasks.o
    0x08006a82   0x08006a82   0x00000002   PAD
    0x08006a84   0x08006a84   0x0000004c   Code   RO         6222    i.prvHeapInit       heap_4.o
    0x08006ad0   0x08006ad0   0x00000060   Code   RO         5173    i.prvIdleTask       tasks.o
    0x08006b30   0x08006b30   0x00000022   Code   RO         4770    i.prvInitialiseNewQueue  queue.o
    0x08006b52   0x08006b52   0x00000002   PAD
    0x08006b54   0x08006b54   0x000000b0   Code   RO         5174    i.prvInitialiseNewTask  tasks.o
    0x08006c04   0x08006c04   0x0000004c   Code   RO         6223    i.prvInsertBlockIntoFreeList  heap_4.o
    0x08006c50   0x08006c50   0x00000038   Code   RO         5537    i.prvInsertTimerInActiveList  timers.o
    0x08006c88   0x08006c88   0x0000001c   Code   RO         4771    i.prvIsQueueEmpty   queue.o
    0x08006ca4   0x08006ca4   0x000000fc   Code   RO         5538    i.prvProcessReceivedCommands  timers.o
    0x08006da0   0x08006da0   0x000000c0   Code   RO         5539    i.prvProcessTimerOrBlockTask  timers.o
    0x08006e60   0x08006e60   0x00000020   Code   RO         5176    i.prvResetNextTaskUnblockTime  tasks.o
    0x08006e80   0x08006e80   0x00000028   Code   RO         5540    i.prvSampleTimeNow  timers.o
    0x08006ea8   0x08006ea8   0x0000006c   Code   RO         5541    i.prvSwitchTimerLists  timers.o
    0x08006f14   0x08006f14   0x00000028   Code   RO         6278    i.prvTaskExitError  port.o
    0x08006f3c   0x08006f3c   0x00000024   Code   RO         5542    i.prvTimerTask      timers.o
    0x08006f60   0x08006f60   0x0000006a   Code   RO         4772    i.prvUnlockQueue    queue.o
    0x08006fca   0x08006fca   0x00000002   PAD
    0x08006fcc   0x08006fcc   0x000000dc   Code   RO         6224    i.pvPortMalloc      heap_4.o
    0x080070a8   0x080070a8   0x0000002c   Code   RO         6279    i.pxPortInitialiseStack  port.o
    0x080070d4   0x080070d4   0x00000020   Code   RO          178    i.tb6600_ChangeDirection  stm_tb6600.o
    0x080070f4   0x080070f4   0x0000000c   Code   RO          181    i.tb6600_Disable    stm_tb6600.o
    0x08007100   0x08007100   0x0000000c   Code   RO          182    i.tb6600_Enable     stm_tb6600.o
    0x0800710c   0x0800710c   0x000000a8   Code   RO          185    i.tb6600_Movemm_tim  stm_tb6600.o
    0x080071b4   0x080071b4   0x00000080   Code   RO          186    i.tb6600_Movemm_tim_1  stm_tb6600.o
    0x08007234   0x08007234   0x0000003c   Code   RO          187    i.tb6600_Set        stm_tb6600.o
    0x08007270   0x08007270   0x00000008   Code   RO          189    i.tb6600_Stop_tim   stm_tb6600.o
    0x08007278   0x08007278   0x0000000a   Code   RO          190    i.tb6600_ToggleDirection  stm_tb6600.o
    0x08007282   0x08007282   0x00000064   Code   RO          195    i.tb6600_init_tim   stm_tb6600.o
    0x080072e6   0x080072e6   0x00000026   Code   RO         4727    i.uxListRemove      list.o
    0x0800730c   0x0800730c   0x00000014   Code   RO         5782    i.vApplicationGetIdleTaskMemory  cmsis_os2.o
    0x08007320   0x08007320   0x00000018   Code   RO         5783    i.vApplicationGetTimerTaskMemory  cmsis_os2.o
    0x08007338   0x08007338   0x00000016   Code   RO         4728    i.vListInitialise   list.o
    0x0800734e   0x0800734e   0x00000006   Code   RO         4729    i.vListInitialiseItem  list.o
    0x08007354   0x08007354   0x00000030   Code   RO         4730    i.vListInsert       list.o
    0x08007384   0x08007384   0x00000018   Code   RO         4731    i.vListInsertEnd    list.o
    0x0800739c   0x0800739c   0x00000040   Code   RO         6281    i.vPortEnterCritical  port.o
    0x080073dc   0x080073dc   0x00000028   Code   RO         6282    i.vPortExitCritical  port.o
    0x08007404   0x08007404   0x00000064   Code   RO         6225    i.vPortFree         heap_4.o
    0x08007468   0x08007468   0x00000024   Code   RO         6283    i.vPortSetupTimerInterrupt  port.o
    0x0800748c   0x0800748c   0x00000054   Code   RO         6284    i.vPortValidateInterruptPriority  port.o
    0x080074e0   0x080074e0   0x00000028   Code   RO         4778    i.vQueueAddToRegistry  queue.o
    0x08007508   0x08007508   0x00000044   Code   RO         4782    i.vQueueWaitForMessageRestricted  queue.o
    0x0800754c   0x0800754c   0x0000004c   Code   RO         5189    i.vTaskDelay        tasks.o
    0x08007598   0x08007598   0x00000010   Code   RO         5194    i.vTaskInternalSetTimeOutState  tasks.o
    0x080075a8   0x080075a8   0x0000000c   Code   RO         5195    i.vTaskMissedYield  tasks.o
    0x080075b4   0x080075b4   0x00000030   Code   RO         5197    i.vTaskPlaceOnEventList  tasks.o
    0x080075e4   0x080075e4   0x00000038   Code   RO         5198    i.vTaskPlaceOnEventListRestricted  tasks.o
    0x0800761c   0x0800761c   0x00000088   Code   RO         5206    i.vTaskStartScheduler  tasks.o
    0x080076a4   0x080076a4   0x00000010   Code   RO         5208    i.vTaskSuspendAll   tasks.o
    0x080076b4   0x080076b4   0x00000064   Code   RO         5209    i.vTaskSwitchContext  tasks.o
    0x08007718   0x08007718   0x000000f4   Code   RO         6285    i.xPortStartScheduler  port.o
    0x0800780c   0x0800780c   0x0000002c   Code   RO         6286    i.xPortSysTickHandler  port.o
    0x08007838   0x08007838   0x00000066   Code   RO         4788    i.xQueueGenericCreateStatic  queue.o
    0x0800789e   0x0800789e   0x00000002   PAD
    0x080078a0   0x080078a0   0x00000088   Code   RO         4789    i.xQueueGenericReset  queue.o
    0x08007928   0x08007928   0x00000160   Code   RO         4790    i.xQueueGenericSend  queue.o
    0x08007a88   0x08007a88   0x000000be   Code   RO         4791    i.xQueueGenericSendFromISR  queue.o
    0x08007b46   0x08007b46   0x00000002   PAD
    0x08007b48   0x08007b48   0x00000138   Code   RO         4800    i.xQueueReceive     queue.o
    0x08007c80   0x08007c80   0x00000074   Code   RO         5211    i.xTaskCheckForTimeOut  tasks.o
    0x08007cf4   0x08007cf4   0x0000005a   Code   RO         5212    i.xTaskCreate       tasks.o
    0x08007d4e   0x08007d4e   0x00000056   Code   RO         5213    i.xTaskCreateStatic  tasks.o
    0x08007da4   0x08007da4   0x000000e0   Code   RO         5214    i.xTaskGenericNotify  tasks.o
    0x08007e84   0x08007e84   0x00000104   Code   RO         5215    i.xTaskGenericNotifyFromISR  tasks.o
    0x08007f88   0x08007f88   0x0000001c   Code   RO         5217    i.xTaskGetSchedulerState  tasks.o
    0x08007fa4   0x08007fa4   0x0000000c   Code   RO         5218    i.xTaskGetTickCount  tasks.o
    0x08007fb0   0x08007fb0   0x000000c8   Code   RO         5220    i.xTaskIncrementTick  tasks.o
    0x08008078   0x08008078   0x0000008c   Code   RO         5222    i.xTaskNotifyWait   tasks.o
    0x08008104   0x08008104   0x00000080   Code   RO         5223    i.xTaskPriorityDisinherit  tasks.o
    0x08008184   0x08008184   0x00000070   Code   RO         5225    i.xTaskRemoveFromEventList  tasks.o
    0x080081f4   0x080081f4   0x000000c4   Code   RO         5226    i.xTaskResumeAll    tasks.o
    0x080082b8   0x080082b8   0x00000060   Code   RO         5551    i.xTimerCreateTimerTask  timers.o
    0x08008318   0x08008318   0x00000068   Code   RO         5552    i.xTimerGenericCommand  timers.o
    0x08008380   0x08008380   0x0000002c   Code   RO         7382    locale$$code        c_w.l(lc_ctype_c.o)
    0x080083ac   0x080083ac   0x00000062   Code   RO         7199    x$fpl$d2f           fz_wm.l(d2f.o)
    0x0800840e   0x0800840e   0x00000002   PAD
    0x08008410   0x08008410   0x000002b0   Code   RO         7208    x$fpl$ddiv          fz_wm.l(ddiv.o)
    0x080086c0   0x080086c0   0x0000005a   Code   RO         7215    x$fpl$dfixu         fz_wm.l(dfixu.o)
    0x0800871a   0x0800871a   0x0000002e   Code   RO         7220    x$fpl$dflt          fz_wm.l(dflt_clz.o)
    0x08008748   0x08008748   0x00000026   Code   RO         7219    x$fpl$dfltu         fz_wm.l(dflt_clz.o)
    0x0800876e   0x0800876e   0x00000002   PAD
    0x08008770   0x08008770   0x00000154   Code   RO         7225    x$fpl$dmul          fz_wm.l(dmul.o)
    0x080088c4   0x080088c4   0x0000009c   Code   RO         7265    x$fpl$dnaninf       fz_wm.l(dnaninf.o)
    0x08008960   0x08008960   0x0000000c   Code   RO         7267    x$fpl$dretinf       fz_wm.l(dretinf.o)
    0x0800896c   0x0800896c   0x00000056   Code   RO         7227    x$fpl$f2d           fz_wm.l(f2d.o)
    0x080089c2   0x080089c2   0x0000008c   Code   RO         7271    x$fpl$fnaninf       fz_wm.l(fnaninf.o)
    0x08008a4e   0x08008a4e   0x0000000a   Code   RO         7452    x$fpl$fpinit        fz_wm.l(fpinit.o)
    0x08008a58   0x08008a58   0x0000000a   Code   RO         7273    x$fpl$fretinf       fz_wm.l(fretinf.o)
    0x08008a62   0x08008a62   0x00000000   Code   RO         7277    x$fpl$usenofp       fz_wm.l(usenofp.o)
    0x08008a62   0x08008a62   0x00000002   PAD
    0x08008a64   0x08008a64   0x000000b4   Data   RO          491    .constdata          main.o
    0x08008b18   0x08008b18   0x00000008   Data   RO         2197    .constdata          stm32f4xx_hal_dma.o
    0x08008b20   0x08008b20   0x00000010   Data   RO         4563    .constdata          system_stm32f4xx.o
    0x08008b30   0x08008b30   0x00000008   Data   RO         4564    .constdata          system_stm32f4xx.o
    0x08008b38   0x08008b38   0x000000b2   Data   RO          492    .conststring        main.o
    0x08008bea   0x08008bea   0x00000002   PAD
    0x08008bec   0x08008bec   0x00000020   Data   RO         7510    Region$$Table       anon$$obj.o
    0x08008c0c   0x08008c0c   0x00000110   Data   RO         7381    locale$$data        c_w.l(lc_ctype_c.o)


    Execution Region RW_IRAM2 (Exec base: 0x10000000, Load base: 0x08008dfc, Size: 0x00000000, Max: 0x00010000, ABSOLUTE)

    **** No section assigned to this execution region ****


    Execution Region RW_IRAM1 (Exec base: 0x20000000, Load base: 0x08008d1c, Size: 0x00006fb0, Max: 0x00030000, ABSOLUTE, COMPRESSED[0x000000e0])

    Exec Addr    Load Addr    Size         Type   Attr      Idx    E Section Name        Object

    0x20000000   COMPRESSED   0x00000090   Data   RW          494    .data               main.o
    0x20000090   COMPRESSED   0x0000000c   Data   RW         2662    .data               stm32f4xx_hal.o
    0x2000009c   COMPRESSED   0x00000004   Data   RW         4565    .data               system_stm32f4xx.o
    0x200000a0   COMPRESSED   0x0000003c   Data   RW         5229    .data               tasks.o
    0x200000dc   COMPRESSED   0x00000014   Data   RW         5560    .data               timers.o
    0x200000f0   COMPRESSED   0x00000004   Data   RW         5785    .data               cmsis_os2.o
    0x200000f4   COMPRESSED   0x00000020   Data   RW         6231    .data               heap_4.o
    0x20000114   COMPRESSED   0x0000000c   Data   RW         6287    .data               port.o
    0x20000120   COMPRESSED   0x0000001c   Data   RW         6400    .data               usbd_desc.o
    0x2000013c   COMPRESSED   0x00000032   Data   RW         6401    .data               usbd_desc.o
    0x2000016e   COMPRESSED   0x00000002   PAD
    0x20000170   COMPRESSED   0x00000014   Data   RW         6484    .data               usbd_cdc_if.o
    0x20000184   COMPRESSED   0x00000001   Data   RW         6910    .data               usbd_ctlreq.o
    0x20000185   COMPRESSED   0x00000003   PAD
    0x20000188   COMPRESSED   0x00000053   Data   RW         7053    .data               usbd_cdc.o
    0x200001db   COMPRESSED   0x00000001   PAD
    0x200001dc   COMPRESSED   0x00000038   Data   RW         7054    .data               usbd_cdc.o
    0x20000214        -       0x000001bc   Zero   RW          488    .bss                main.o
    0x200003d0        -       0x00000060   Zero   RW          489    .bss                main.o
    0x20000430        -       0x00000048   Zero   RW         1050    .bss                stm32f4xx_hal_timebase_tim.o
    0x20000478        -       0x00000020   Zero   RW         1856    .bss                stm32f4xx_hal_flash.o
    0x20000498        -       0x00000040   Zero   RW         4804    .bss                queue.o
    0x200004d8        -       0x000004c4   Zero   RW         5228    .bss                tasks.o
    0x2000099c        -       0x00000118   Zero   RW         5559    .bss                timers.o
    0x20000ab4        -       0x000006b8   Zero   RW         5784    .bss                cmsis_os2.o
    0x2000116c        -       0x00003c00   Zero   RW         6230    .bss                heap_4.o
    0x20004d6c        -       0x000002dc   Zero   RW         6358    .bss                usb_device.o
    0x20005048        -       0x00000200   Zero   RW         6399    .bss                usbd_desc.o
    0x20005248        -       0x00001000   Zero   RW         6483    .bss                usbd_cdc_if.o
    0x20006248        -       0x00000704   Zero   RW         6565    .bss                usbd_conf.o
    0x2000694c        -       0x00000060   Zero   RW         7350    .bss                c_w.l(libspace.o)
    0x200069ac   COMPRESSED   0x00000004   PAD
    0x200069b0        -       0x00000200   Zero   RW            2    HEAP                startup_stm32f429xx.o
    0x20006bb0        -       0x00000400   Zero   RW            1    STACK               startup_stm32f429xx.o


==============================================================================

Image component sizes


      Code (inc. data)   RO Data    RW Data    ZI Data      Debug   Object Name

       592         28          0          4       1720      67254   cmsis_os2.o
         0          0          0          0          0     778980   dwin_transmit.o
         0          0          0          0          0      19492   event_groups.o
         0          0          0          0          0       7000   freertos.o
       472         24          0         32      15360       4803   heap_4.o
       138          0          0          0          0       3478   list.o
      2752        260        358        144        540     778754   main.o
       786         82          0         12          0      11297   port.o
      1514         20          0          0         64      17204   queue.o
         0          0          0          0          0       7571   r_h.o
        64         26        428          0       1536        828   startup_stm32f429xx.o
       116         18          0         12          0       8746   stm32f4xx_hal.o
       158         14          0          0          0      32978   stm32f4xx_hal_cortex.o
       752         16          8          0          0       3988   stm32f4xx_hal_dma.o
       540         66          0          0         32       6418   stm32f4xx_hal_flash.o
       388         24          0          0          0       4282   stm32f4xx_hal_flash_ex.o
       624         60          0          0          0       4043   stm32f4xx_hal_gpio.o
       584         66          0          0          0       3761   stm32f4xx_hal_msp.o
      2576         12          0          0          0      13304   stm32f4xx_hal_pcd.o
        78          0          0          0          0       2329   stm32f4xx_hal_pcd_ex.o
      1420         88          0          0          0       6241   stm32f4xx_hal_rcc.o
      1408         14          0          0          0       6851   stm32f4xx_hal_spi.o
      2154        148          0          0          0      18016   stm32f4xx_hal_tim.o
       232         28          0          0          0       3221   stm32f4xx_hal_tim_ex.o
       152         18          0          0         72       1427   stm32f4xx_hal_timebase_tim.o
       368         10          0          0          0       1992   stm32f4xx_hal_uart.o
       132         42          0          0          0       8584   stm32f4xx_it.o
      2700        116          0          0          0      22744   stm32f4xx_ll_usb.o
       534         42          0          0          0       7276   stm_tb6600.o
         0          0          0          0          0        472   stream_buffer.o
        16          4         24          4          0       1079   system_stm32f4xx.o
      2708        218          0         60       1220      30427   tasks.o
       972         80          0         20        280      31923   timers.o
        84         18          0          0        732        776   usb_device.o
      1278         36          0        139          0      14101   usbd_cdc.o
       164         32          0         20       4096       3927   usbd_cdc_if.o
       638         30          0          0       1796      16332   usbd_conf.o
       924          0          0          0          0      15091   usbd_core.o
      1354         28          0          1          0      15116   usbd_ctlreq.o
       288        104          0         78        512       6009   usbd_desc.o
       132          0          0          0          0       4408   usbd_ioreq.o

    ----------------------------------------------------------------------
     29846       1772        852        532      27960    1992523   Object Totals
         0          0         32          0          0          0   (incl. Generated)
        54          0          2          6          0          0   (incl. Padding)

    ----------------------------------------------------------------------

      Code (inc. data)   RO Data    RW Data    ZI Data      Debug   Library Member Name

        60          8          0          0          0         84   __0sscanf.o
        90          0          0          0          0          0   __dczerorl2.o
         8          0          0          0          0         68   __main.o
       104          0          0          0          0         84   __printf.o
         0          0          0          0          0          0   __rtentry.o
        12          0          0          0          0          0   __rtentry2.o
         6          0          0          0          0          0   __rtentry4.o
        52          8          0          0          0          0   __scatter.o
        28          0          0          0          0          0   __scatter_zi.o
        28          0          0          0          0         68   _chval.o
        48          6          0          0          0         96   _printf_char_common.o
         6          0          0          0          0          0   _printf_d.o
       120         16          0          0          0         92   _printf_dec.o
       178          0          0          0          0         88   _printf_intcommon.o
         0          0          0          0          0          0   _printf_percent.o
         4          0          0          0          0          0   _printf_percent_end.o
       884          4          0          0          0        100   _scanf.o
       332          0          0          0          0         96   _scanf_int.o
       224          0          0          0          0         96   _scanf_str.o
        64          0          0          0          0         84   _sgetc.o
        10          0          0          0          0         68   _sputc.o
        16          0          0          0          0         68   aeabi_memset.o
        18          0          0          0          0         80   exit.o
         6          0          0          0          0        152   heapauxi.o
         0          0          0          0          0          0   indicate_semi.o
        18          0          0          0          0         76   isspace.o
        44         10        272          0          0         76   lc_ctype_c.o
         2          0          0          0          0          0   libinit.o
        24          0          0          0          0          0   libinit2.o
         2          0          0          0          0          0   libshutdown.o
         2          0          0          0          0          0   libshutdown2.o
         8          4          0          0         96         68   libspace.o
       238          0          0          0          0        100   lludivv7m.o
        40          6          0          0          0         84   noretval__2sprintf.o
        16          4          0          0          0         76   rt_ctype_table.o
         8          4          0          0          0         68   rt_locale_intlibspace.o
        68          0          0          0          0         68   rt_memclr.o
        78          0          0          0          0         80   rt_memclr_w.o
       138          0          0          0          0         68   rt_memcpy_v6.o
       100          0          0          0          0         80   rt_memcpy_w.o
         2          0          0          0          0          0   rtexit.o
        10          0          0          0          0          0   rtexit2.o
        44          8          0          0          0         84   scanf_char.o
       128          0          0          0          0         68   strcmpv7m.o
        62          0          0          0          0         76   strlen.o
        12          4          0          0          0         68   sys_exit.o
        74          0          0          0          0         80   sys_stackheap_outer.o
         2          0          0          0          0         68   use_no_semi.o
        98          4          0          0          0        140   d2f.o
       688        140          0          0          0        256   ddiv.o
        90          4          0          0          0        140   dfixu.o
        84          0          0          0          0        232   dflt_clz.o
       340         12          0          0          0        152   dmul.o
       156          4          0          0          0        140   dnaninf.o
        12          0          0          0          0        116   dretinf.o
        86          4          0          0          0        132   f2d.o
       140          4          0          0          0        132   fnaninf.o
        10          0          0          0          0        116   fpinit.o
        10          0          0          0          0        116   fretinf.o
         0          0          0          0          0          0   usenofp.o

    ----------------------------------------------------------------------
      5154        254        272          0        100       4284   Library Totals
        22          0          0          0          4          0   (incl. Padding)

    ----------------------------------------------------------------------

      Code (inc. data)   RO Data    RW Data    ZI Data      Debug   Library Name

      3418         82        272          0         96       2612   c_w.l
      1714        172          0          0          0       1672   fz_wm.l

    ----------------------------------------------------------------------
      5154        254        272          0        100       4284   Library Totals

    ----------------------------------------------------------------------

==============================================================================


      Code (inc. data)   RO Data    RW Data    ZI Data      Debug   

     35000       2026       1124        532      28060    1960951   Grand Totals
     35000       2026       1124        224      28060    1960951   ELF Image Totals (compressed)
     35000       2026       1124        224          0          0   ROM Totals

==============================================================================

    Total RO  Size (Code + RO Data)                36124 (  35.28kB)
    Total RW  Size (RW Data + ZI Data)             28592 (  27.92kB)
    Total ROM Size (Code + RO Data + RW Data)      36348 (  35.50kB)

==============================================================================

